------------------------------------------------------------
TimeQuest Timing Analyzer Summary
------------------------------------------------------------

Type  : Slow 1100mV 85C Model Setup 'clk'
Slack : 37.899
TNS   : 0.000

Type  : Slow 1100mV 85C Model Hold 'clk'
Slack : 0.299
TNS   : 0.000

Type  : Slow 1100mV 85C Model Minimum Pulse Width 'clk'
Slack : 19.397
TNS   : 0.000

Type  : Slow 1100mV 0C Model Setup 'clk'
Slack : 37.911
TNS   : 0.000

Type  : Slow 1100mV 0C Model Hold 'clk'
Slack : 0.281
TNS   : 0.000

Type  : Slow 1100mV 0C Model Minimum Pulse Width 'clk'
Slack : 19.317
TNS   : 0.000

Type  : Fast 1100mV 85C Model Setup 'clk'
Slack : 38.812
TNS   : 0.000

Type  : Fast 1100mV 85C Model Hold 'clk'
Slack : 0.164
TNS   : 0.000

Type  : Fast 1100mV 85C Model Minimum Pulse Width 'clk'
Slack : 19.423
TNS   : 0.000

Type  : Fast 1100mV 0C Model Setup 'clk'
Slack : 38.908
TNS   : 0.000

Type  : Fast 1100mV 0C Model Hold 'clk'
Slack : 0.150
TNS   : 0.000

Type  : Fast 1100mV 0C Model Minimum Pulse Width 'clk'
Slack : 19.423
TNS   : 0.000

------------------------------------------------------------
