------------------------------------------------------------
TimeQuest Timing Analyzer Summary
------------------------------------------------------------

Type  : Slow 1100mV 85C Model Setup 'CLOCK_50'
Slack : 8.368
TNS   : 0.000

Type  : Slow 1100mV 85C Model Setup 'altera_reserved_tck'
Slack : 10.946
TNS   : 0.000

Type  : Slow 1100mV 85C Model Setup 'Generate_Arbitrary_Divided_Clk32:Gen_2Hz_clk|var_clk_div32:Div_Clk|tc_reg'
Slack : 14.810
TNS   : 0.000

Type  : Slow 1100mV 85C Model Setup 'Generate_Arbitrary_Divided_Clk32:Gen_1KHz_clk|var_clk_div32:Div_Clk|tc_reg'
Slack : 17.661
TNS   : 0.000

Type  : Slow 1100mV 85C Model Hold 'CLOCK_50'
Slack : 0.334
TNS   : 0.000

Type  : Slow 1100mV 85C Model Hold 'altera_reserved_tck'
Slack : 0.443
TNS   : 0.000

Type  : Slow 1100mV 85C Model Hold 'Generate_Arbitrary_Divided_Clk32:Gen_1KHz_clk|var_clk_div32:Div_Clk|tc_reg'
Slack : 0.480
TNS   : 0.000

Type  : Slow 1100mV 85C Model Hold 'Generate_Arbitrary_Divided_Clk32:Gen_2Hz_clk|var_clk_div32:Div_Clk|tc_reg'
Slack : 2.602
TNS   : 0.000

Type  : Slow 1100mV 85C Model Recovery 'speed_up_event_trigger'
Slack : 5.171
TNS   : 0.000

Type  : Slow 1100mV 85C Model Recovery 'speed_down_event_trigger'
Slack : 5.202
TNS   : 0.000

Type  : Slow 1100mV 85C Model Recovery 'CLOCK_50'
Slack : 6.666
TNS   : 0.000

Type  : Slow 1100mV 85C Model Recovery 'doublesync:key2_doublsync|reg2'
Slack : 12.072
TNS   : 0.000

Type  : Slow 1100mV 85C Model Recovery 'altera_reserved_tck'
Slack : 13.906
TNS   : 0.000

Type  : Slow 1100mV 85C Model Removal 'CLOCK_50'
Slack : 0.560
TNS   : 0.000

Type  : Slow 1100mV 85C Model Removal 'altera_reserved_tck'
Slack : 0.667
TNS   : 0.000

Type  : Slow 1100mV 85C Model Removal 'doublesync:key2_doublsync|reg2'
Slack : 5.226
TNS   : 0.000

Type  : Slow 1100mV 85C Model Removal 'speed_up_event_trigger'
Slack : 12.977
TNS   : 0.000

Type  : Slow 1100mV 85C Model Removal 'speed_down_event_trigger'
Slack : 12.986
TNS   : 0.000

Type  : Slow 1100mV 85C Model Minimum Pulse Width 'CLOCK_50'
Slack : 8.857
TNS   : 0.000

Type  : Slow 1100mV 85C Model Minimum Pulse Width 'altera_reserved_tck'
Slack : 15.164
TNS   : 0.000

Type  : Slow 1100mV 85C Model Minimum Pulse Width 'Generate_Arbitrary_Divided_Clk32:Gen_1KHz_clk|var_clk_div32:Div_Clk|tc_reg'
Slack : 19.379
TNS   : 0.000

Type  : Slow 1100mV 85C Model Minimum Pulse Width 'Generate_Arbitrary_Divided_Clk32:Gen_2Hz_clk|var_clk_div32:Div_Clk|tc_reg'
Slack : 19.402
TNS   : 0.000

Type  : Slow 1100mV 85C Model Minimum Pulse Width 'doublesync:key2_doublsync|reg2'
Slack : 19.404
TNS   : 0.000

Type  : Slow 1100mV 85C Model Minimum Pulse Width 'speed_up_event_trigger'
Slack : 19.420
TNS   : 0.000

Type  : Slow 1100mV 85C Model Minimum Pulse Width 'speed_down_event_trigger'
Slack : 19.431
TNS   : 0.000

Type  : Slow 1100mV 0C Model Setup 'CLOCK_50'
Slack : 8.424
TNS   : 0.000

Type  : Slow 1100mV 0C Model Setup 'altera_reserved_tck'
Slack : 11.061
TNS   : 0.000

Type  : Slow 1100mV 0C Model Setup 'Generate_Arbitrary_Divided_Clk32:Gen_2Hz_clk|var_clk_div32:Div_Clk|tc_reg'
Slack : 14.753
TNS   : 0.000

Type  : Slow 1100mV 0C Model Setup 'Generate_Arbitrary_Divided_Clk32:Gen_1KHz_clk|var_clk_div32:Div_Clk|tc_reg'
Slack : 17.642
TNS   : 0.000

Type  : Slow 1100mV 0C Model Hold 'CLOCK_50'
Slack : 0.161
TNS   : 0.000

Type  : Slow 1100mV 0C Model Hold 'altera_reserved_tck'
Slack : 0.457
TNS   : 0.000

Type  : Slow 1100mV 0C Model Hold 'Generate_Arbitrary_Divided_Clk32:Gen_1KHz_clk|var_clk_div32:Div_Clk|tc_reg'
Slack : 0.562
TNS   : 0.000

Type  : Slow 1100mV 0C Model Hold 'Generate_Arbitrary_Divided_Clk32:Gen_2Hz_clk|var_clk_div32:Div_Clk|tc_reg'
Slack : 2.704
TNS   : 0.000

Type  : Slow 1100mV 0C Model Recovery 'speed_up_event_trigger'
Slack : 5.170
TNS   : 0.000

Type  : Slow 1100mV 0C Model Recovery 'speed_down_event_trigger'
Slack : 5.187
TNS   : 0.000

Type  : Slow 1100mV 0C Model Recovery 'CLOCK_50'
Slack : 6.608
TNS   : 0.000

Type  : Slow 1100mV 0C Model Recovery 'doublesync:key2_doublsync|reg2'
Slack : 12.174
TNS   : 0.000

Type  : Slow 1100mV 0C Model Recovery 'altera_reserved_tck'
Slack : 14.050
TNS   : 0.000

Type  : Slow 1100mV 0C Model Removal 'CLOCK_50'
Slack : 0.529
TNS   : 0.000

Type  : Slow 1100mV 0C Model Removal 'altera_reserved_tck'
Slack : 0.630
TNS   : 0.000

Type  : Slow 1100mV 0C Model Removal 'doublesync:key2_doublsync|reg2'
Slack : 5.177
TNS   : 0.000

Type  : Slow 1100mV 0C Model Removal 'speed_up_event_trigger'
Slack : 13.059
TNS   : 0.000

Type  : Slow 1100mV 0C Model Removal 'speed_down_event_trigger'
Slack : 13.071
TNS   : 0.000

Type  : Slow 1100mV 0C Model Minimum Pulse Width 'CLOCK_50'
Slack : 8.848
TNS   : 0.000

Type  : Slow 1100mV 0C Model Minimum Pulse Width 'altera_reserved_tck'
Slack : 15.165
TNS   : 0.000

Type  : Slow 1100mV 0C Model Minimum Pulse Width 'Generate_Arbitrary_Divided_Clk32:Gen_1KHz_clk|var_clk_div32:Div_Clk|tc_reg'
Slack : 19.366
TNS   : 0.000

Type  : Slow 1100mV 0C Model Minimum Pulse Width 'Generate_Arbitrary_Divided_Clk32:Gen_2Hz_clk|var_clk_div32:Div_Clk|tc_reg'
Slack : 19.385
TNS   : 0.000

Type  : Slow 1100mV 0C Model Minimum Pulse Width 'doublesync:key2_doublsync|reg2'
Slack : 19.394
TNS   : 0.000

Type  : Slow 1100mV 0C Model Minimum Pulse Width 'speed_up_event_trigger'
Slack : 19.423
TNS   : 0.000

Type  : Slow 1100mV 0C Model Minimum Pulse Width 'speed_down_event_trigger'
Slack : 19.435
TNS   : 0.000

Type  : Fast 1100mV 85C Model Setup 'CLOCK_50'
Slack : 8.497
TNS   : 0.000

Type  : Fast 1100mV 85C Model Setup 'altera_reserved_tck'
Slack : 13.714
TNS   : 0.000

Type  : Fast 1100mV 85C Model Setup 'Generate_Arbitrary_Divided_Clk32:Gen_2Hz_clk|var_clk_div32:Div_Clk|tc_reg'
Slack : 16.865
TNS   : 0.000

Type  : Fast 1100mV 85C Model Setup 'Generate_Arbitrary_Divided_Clk32:Gen_1KHz_clk|var_clk_div32:Div_Clk|tc_reg'
Slack : 18.253
TNS   : 0.000

Type  : Fast 1100mV 85C Model Hold 'Generate_Arbitrary_Divided_Clk32:Gen_1KHz_clk|var_clk_div32:Div_Clk|tc_reg'
Slack : 0.121
TNS   : 0.000

Type  : Fast 1100mV 85C Model Hold 'altera_reserved_tck'
Slack : 0.164
TNS   : 0.000

Type  : Fast 1100mV 85C Model Hold 'CLOCK_50'
Slack : 0.181
TNS   : 0.000

Type  : Fast 1100mV 85C Model Hold 'Generate_Arbitrary_Divided_Clk32:Gen_2Hz_clk|var_clk_div32:Div_Clk|tc_reg'
Slack : 1.233
TNS   : 0.000

Type  : Fast 1100mV 85C Model Recovery 'speed_down_event_trigger'
Slack : 6.794
TNS   : 0.000

Type  : Fast 1100mV 85C Model Recovery 'speed_up_event_trigger'
Slack : 6.810
TNS   : 0.000

Type  : Fast 1100mV 85C Model Recovery 'CLOCK_50'
Slack : 7.232
TNS   : 0.000

Type  : Fast 1100mV 85C Model Recovery 'doublesync:key2_doublsync|reg2'
Slack : 14.754
TNS   : 0.000

Type  : Fast 1100mV 85C Model Recovery 'altera_reserved_tck'
Slack : 15.268
TNS   : 0.000

Type  : Fast 1100mV 85C Model Removal 'CLOCK_50'
Slack : 0.308
TNS   : 0.000

Type  : Fast 1100mV 85C Model Removal 'altera_reserved_tck'
Slack : 0.314
TNS   : 0.000

Type  : Fast 1100mV 85C Model Removal 'doublesync:key2_doublsync|reg2'
Slack : 2.985
TNS   : 0.000

Type  : Fast 1100mV 85C Model Removal 'speed_down_event_trigger'
Slack : 11.909
TNS   : 0.000

Type  : Fast 1100mV 85C Model Removal 'speed_up_event_trigger'
Slack : 11.914
TNS   : 0.000

Type  : Fast 1100mV 85C Model Minimum Pulse Width 'CLOCK_50'
Slack : 8.530
TNS   : 0.000

Type  : Fast 1100mV 85C Model Minimum Pulse Width 'altera_reserved_tck'
Slack : 14.849
TNS   : 0.000

Type  : Fast 1100mV 85C Model Minimum Pulse Width 'Generate_Arbitrary_Divided_Clk32:Gen_2Hz_clk|var_clk_div32:Div_Clk|tc_reg'
Slack : 19.626
TNS   : 0.000

Type  : Fast 1100mV 85C Model Minimum Pulse Width 'speed_up_event_trigger'
Slack : 19.627
TNS   : 0.000

Type  : Fast 1100mV 85C Model Minimum Pulse Width 'Generate_Arbitrary_Divided_Clk32:Gen_1KHz_clk|var_clk_div32:Div_Clk|tc_reg'
Slack : 19.628
TNS   : 0.000

Type  : Fast 1100mV 85C Model Minimum Pulse Width 'doublesync:key2_doublsync|reg2'
Slack : 19.642
TNS   : 0.000

Type  : Fast 1100mV 85C Model Minimum Pulse Width 'speed_down_event_trigger'
Slack : 19.643
TNS   : 0.000

Type  : Fast 1100mV 0C Model Setup 'CLOCK_50'
Slack : 8.501
TNS   : 0.000

Type  : Fast 1100mV 0C Model Setup 'altera_reserved_tck'
Slack : 14.081
TNS   : 0.000

Type  : Fast 1100mV 0C Model Setup 'Generate_Arbitrary_Divided_Clk32:Gen_2Hz_clk|var_clk_div32:Div_Clk|tc_reg'
Slack : 17.002
TNS   : 0.000

Type  : Fast 1100mV 0C Model Setup 'Generate_Arbitrary_Divided_Clk32:Gen_1KHz_clk|var_clk_div32:Div_Clk|tc_reg'
Slack : 18.386
TNS   : 0.000

Type  : Fast 1100mV 0C Model Hold 'Generate_Arbitrary_Divided_Clk32:Gen_1KHz_clk|var_clk_div32:Div_Clk|tc_reg'
Slack : 0.109
TNS   : 0.000

Type  : Fast 1100mV 0C Model Hold 'altera_reserved_tck'
Slack : 0.160
TNS   : 0.000

Type  : Fast 1100mV 0C Model Hold 'CLOCK_50'
Slack : 0.170
TNS   : 0.000

Type  : Fast 1100mV 0C Model Hold 'Generate_Arbitrary_Divided_Clk32:Gen_2Hz_clk|var_clk_div32:Div_Clk|tc_reg'
Slack : 1.194
TNS   : 0.000

Type  : Fast 1100mV 0C Model Recovery 'speed_down_event_trigger'
Slack : 6.831
TNS   : 0.000

Type  : Fast 1100mV 0C Model Recovery 'speed_up_event_trigger'
Slack : 6.843
TNS   : 0.000

Type  : Fast 1100mV 0C Model Recovery 'CLOCK_50'
Slack : 7.303
TNS   : 0.000

Type  : Fast 1100mV 0C Model Recovery 'doublesync:key2_doublsync|reg2'
Slack : 15.198
TNS   : 0.000

Type  : Fast 1100mV 0C Model Recovery 'altera_reserved_tck'
Slack : 15.542
TNS   : 0.000

Type  : Fast 1100mV 0C Model Removal 'altera_reserved_tck'
Slack : 0.274
TNS   : 0.000

Type  : Fast 1100mV 0C Model Removal 'CLOCK_50'
Slack : 0.282
TNS   : 0.000

Type  : Fast 1100mV 0C Model Removal 'doublesync:key2_doublsync|reg2'
Slack : 2.755
TNS   : 0.000

Type  : Fast 1100mV 0C Model Removal 'speed_down_event_trigger'
Slack : 11.914
TNS   : 0.000

Type  : Fast 1100mV 0C Model Removal 'speed_up_event_trigger'
Slack : 11.921
TNS   : 0.000

Type  : Fast 1100mV 0C Model Minimum Pulse Width 'CLOCK_50'
Slack : 8.482
TNS   : 0.000

Type  : Fast 1100mV 0C Model Minimum Pulse Width 'altera_reserved_tck'
Slack : 14.829
TNS   : 0.000

Type  : Fast 1100mV 0C Model Minimum Pulse Width 'Generate_Arbitrary_Divided_Clk32:Gen_1KHz_clk|var_clk_div32:Div_Clk|tc_reg'
Slack : 19.628
TNS   : 0.000

Type  : Fast 1100mV 0C Model Minimum Pulse Width 'Generate_Arbitrary_Divided_Clk32:Gen_2Hz_clk|var_clk_div32:Div_Clk|tc_reg'
Slack : 19.632
TNS   : 0.000

Type  : Fast 1100mV 0C Model Minimum Pulse Width 'speed_up_event_trigger'
Slack : 19.634
TNS   : 0.000

Type  : Fast 1100mV 0C Model Minimum Pulse Width 'doublesync:key2_doublsync|reg2'
Slack : 19.645
TNS   : 0.000

Type  : Fast 1100mV 0C Model Minimum Pulse Width 'speed_down_event_trigger'
Slack : 19.652
TNS   : 0.000

------------------------------------------------------------
