------------------------------------------------------------
TimeQuest Timing Analyzer Summary
------------------------------------------------------------

Type  : Setup 'CLOCK_50'
Slack : 4.830
TNS   : 0.000

Type  : Setup 'TD_CLK27'
Slack : 8.761
TNS   : 0.000

Type  : Setup 'altera_reserved_tck'
Slack : 10.499
TNS   : 0.000

Type  : Setup 'audio_controller:audio_control|TFF_power_of_2_division_counter_with_auto_phase_inversion:generate_aud_ctrl_clk|widereg:div_regs_gen[1].div_reg|outdata[0]'
Slack : 12.304
TNS   : 0.000

Type  : Setup 'CLK_25'
Slack : 13.124
TNS   : 0.000

Type  : Setup 'doublesync:ps2c_doublsync|reg2'
Slack : 13.602
TNS   : 0.000

Type  : Setup 'Generate_Arbitrary_Divided_Clk32:Generate_LCD_scope_Clk|var_clk_div32:Div_Clk|tc_reg'
Slack : 14.456
TNS   : 0.000

Type  : Setup 'Write_Kbd_To_Scope_LCD:Write_Kbd_To_LCD1|state[9]'
Slack : 14.487
TNS   : 0.000

Type  : Setup 'Generate_Arbitrary_Divided_Clk32:Gen_2Hz_clk|var_clk_div32:Div_Clk|tc_reg'
Slack : 15.242
TNS   : 0.000

Type  : Setup 'audio_controller:audio_control|audio_clock:u4|LRCK_1X'
Slack : 15.951
TNS   : 0.000

Type  : Setup 'audio_controller:audio_control|TFF_power_of_2_division_counter_with_auto_phase_inversion:generate_aud_ctrl_clk|widereg:div_reg_top|outdata[0]'
Slack : 17.122
TNS   : 0.000

Type  : Setup 'Generate_Arbitrary_Divided_Clk32:Gen_1KHz_clk|var_clk_div32:Div_Clk|tc_reg'
Slack : 17.238
TNS   : 0.000

Type  : Setup 'Write_Kbd_To_Scope_LCD:Write_Kbd_To_LCD1|state[4]'
Slack : 34.792
TNS   : 0.000

Type  : Setup 'audio_controller:audio_control|I2C_AV_Config:u3|mI2C_CTRL_CLK'
Slack : 34.908
TNS   : 0.000

Type  : Setup 'audio_controller:audio_control|audio_clock:u4|oAUD_BCK'
Slack : 37.009
TNS   : 0.000

Type  : Setup 'Write_Kbd_To_Scope_LCD:Write_Kbd_To_LCD1|state[6]'
Slack : 37.621
TNS   : 0.000

Type  : Hold 'Generate_Arbitrary_Divided_Clk32:Generate_LCD_scope_Clk|var_clk_div32:Div_Clk|tc_reg'
Slack : -0.036
TNS   : -0.036

Type  : Hold 'CLK_25'
Slack : 0.204
TNS   : 0.000

Type  : Hold 'CLOCK_50'
Slack : 0.220
TNS   : 0.000

Type  : Hold 'Write_Kbd_To_Scope_LCD:Write_Kbd_To_LCD1|state[4]'
Slack : 0.239
TNS   : 0.000

Type  : Hold 'audio_controller:audio_control|I2C_AV_Config:u3|mI2C_CTRL_CLK'
Slack : 0.277
TNS   : 0.000

Type  : Hold 'altera_reserved_tck'
Slack : 0.286
TNS   : 0.000

Type  : Hold 'doublesync:ps2c_doublsync|reg2'
Slack : 0.437
TNS   : 0.000

Type  : Hold 'audio_controller:audio_control|audio_clock:u4|oAUD_BCK'
Slack : 0.444
TNS   : 0.000

Type  : Hold 'Generate_Arbitrary_Divided_Clk32:Gen_1KHz_clk|var_clk_div32:Div_Clk|tc_reg'
Slack : 0.525
TNS   : 0.000

Type  : Hold 'Write_Kbd_To_Scope_LCD:Write_Kbd_To_LCD1|state[6]'
Slack : 0.611
TNS   : 0.000

Type  : Hold 'audio_controller:audio_control|TFF_power_of_2_division_counter_with_auto_phase_inversion:generate_aud_ctrl_clk|widereg:div_regs_gen[1].div_reg|outdata[0]'
Slack : 0.659
TNS   : 0.000

Type  : Hold 'TD_CLK27'
Slack : 0.682
TNS   : 0.000

Type  : Hold 'audio_controller:audio_control|TFF_power_of_2_division_counter_with_auto_phase_inversion:generate_aud_ctrl_clk|widereg:div_reg_top|outdata[0]'
Slack : 0.849
TNS   : 0.000

Type  : Hold 'audio_controller:audio_control|audio_clock:u4|LRCK_1X'
Slack : 1.818
TNS   : 0.000

Type  : Hold 'Generate_Arbitrary_Divided_Clk32:Gen_2Hz_clk|var_clk_div32:Div_Clk|tc_reg'
Slack : 2.291
TNS   : 0.000

Type  : Hold 'Write_Kbd_To_Scope_LCD:Write_Kbd_To_LCD1|state[9]'
Slack : 19.979
TNS   : 0.000

Type  : Recovery 'speed_down_event_trigger'
Slack : 4.796
TNS   : 0.000

Type  : Recovery 'doublesync:ps2c_doublsync|reg2'
Slack : 4.815
TNS   : 0.000

Type  : Recovery 'speed_up_event_trigger'
Slack : 5.075
TNS   : 0.000

Type  : Recovery 'Kbd_ctrl:Kbd_Controller|data_ready'
Slack : 5.515
TNS   : 0.000

Type  : Recovery 'CLOCK_50'
Slack : 5.988
TNS   : 0.000

Type  : Recovery 'doublesync:key2_doublsync|reg2'
Slack : 12.851
TNS   : 0.000

Type  : Recovery 'audio_controller:audio_control|audio_clock:u4|oAUD_BCK'
Slack : 13.897
TNS   : 0.000

Type  : Recovery 'Write_Kbd_To_Scope_LCD:Write_Kbd_To_LCD1|state[5]'
Slack : 14.995
TNS   : 0.000

Type  : Recovery 'Write_Kbd_To_Scope_LCD:Write_Kbd_To_LCD1|state[6]'
Slack : 15.060
TNS   : 0.000

Type  : Recovery 'altera_reserved_tck'
Slack : 15.393
TNS   : 0.000

Type  : Recovery 'audio_controller:audio_control|TFF_power_of_2_division_counter_with_auto_phase_inversion:generate_aud_ctrl_clk|widereg:div_regs_gen[1].div_reg|outdata[0]'
Slack : 15.454
TNS   : 0.000

Type  : Recovery 'Divided_Clk:Divided_Clk_44K|outclk'
Slack : 15.973
TNS   : 0.000

Type  : Recovery 'CLK_25'
Slack : 37.910
TNS   : 0.000

Type  : Removal 'CLOCK_50'
Slack : 0.551
TNS   : 0.000

Type  : Removal 'altera_reserved_tck'
Slack : 0.767
TNS   : 0.000

Type  : Removal 'CLK_25'
Slack : 0.975
TNS   : 0.000

Type  : Removal 'audio_controller:audio_control|TFF_power_of_2_division_counter_with_auto_phase_inversion:generate_aud_ctrl_clk|widereg:div_regs_gen[1].div_reg|outdata[0]'
Slack : 2.327
TNS   : 0.000

Type  : Removal 'Divided_Clk:Divided_Clk_44K|outclk'
Slack : 2.449
TNS   : 0.000

Type  : Removal 'Write_Kbd_To_Scope_LCD:Write_Kbd_To_LCD1|state[5]'
Slack : 2.962
TNS   : 0.000

Type  : Removal 'Write_Kbd_To_Scope_LCD:Write_Kbd_To_LCD1|state[6]'
Slack : 3.083
TNS   : 0.000

Type  : Removal 'doublesync:ps2c_doublsync|reg2'
Slack : 3.267
TNS   : 0.000

Type  : Removal 'audio_controller:audio_control|audio_clock:u4|oAUD_BCK'
Slack : 3.976
TNS   : 0.000

Type  : Removal 'doublesync:key2_doublsync|reg2'
Slack : 4.737
TNS   : 0.000

Type  : Removal 'Kbd_ctrl:Kbd_Controller|data_ready'
Slack : 12.664
TNS   : 0.000

Type  : Removal 'speed_up_event_trigger'
Slack : 13.150
TNS   : 0.000

Type  : Removal 'speed_down_event_trigger'
Slack : 13.468
TNS   : 0.000

Type  : Minimum Pulse Width 'CLOCK_50'
Slack : 8.521
TNS   : 0.000

Type  : Minimum Pulse Width 'altera_reserved_tck'
Slack : 15.124
TNS   : 0.000

Type  : Minimum Pulse Width 'TD_CLK27'
Slack : 18.663
TNS   : 0.000

Type  : Minimum Pulse Width 'Generate_Arbitrary_Divided_Clk32:Generate_LCD_scope_Clk|var_clk_div32:Div_Clk|tc_reg'
Slack : 18.685
TNS   : 0.000

Type  : Minimum Pulse Width 'audio_controller:audio_control|TFF_power_of_2_division_counter_with_auto_phase_inversion:generate_aud_ctrl_clk|widereg:div_regs_gen[1].div_reg|outdata[0]'
Slack : 19.036
TNS   : 0.000

Type  : Minimum Pulse Width 'CLK_25'
Slack : 19.109
TNS   : 0.000

Type  : Minimum Pulse Width 'Write_Kbd_To_Scope_LCD:Write_Kbd_To_LCD1|state[4]'
Slack : 19.158
TNS   : 0.000

Type  : Minimum Pulse Width 'doublesync:ps2c_doublsync|reg2'
Slack : 19.195
TNS   : 0.000

Type  : Minimum Pulse Width 'Write_Kbd_To_Scope_LCD:Write_Kbd_To_LCD1|state[9]'
Slack : 19.280
TNS   : 0.000

Type  : Minimum Pulse Width 'audio_controller:audio_control|audio_clock:u4|oAUD_BCK'
Slack : 19.311
TNS   : 0.000

Type  : Minimum Pulse Width 'Write_Kbd_To_Scope_LCD:Write_Kbd_To_LCD1|state[5]'
Slack : 19.322
TNS   : 0.000

Type  : Minimum Pulse Width 'audio_controller:audio_control|audio_clock:u4|LRCK_1X'
Slack : 19.323
TNS   : 0.000

Type  : Minimum Pulse Width 'audio_controller:audio_control|I2C_AV_Config:u3|mI2C_CTRL_CLK'
Slack : 19.343
TNS   : 0.000

Type  : Minimum Pulse Width 'Generate_Arbitrary_Divided_Clk32:Gen_2Hz_clk|var_clk_div32:Div_Clk|tc_reg'
Slack : 19.374
TNS   : 0.000

Type  : Minimum Pulse Width 'Generate_Arbitrary_Divided_Clk32:Gen_1KHz_clk|var_clk_div32:Div_Clk|tc_reg'
Slack : 19.375
TNS   : 0.000

Type  : Minimum Pulse Width 'audio_controller:audio_control|TFF_power_of_2_division_counter_with_auto_phase_inversion:generate_aud_ctrl_clk|widereg:div_reg_top|outdata[0]'
Slack : 19.379
TNS   : 0.000

Type  : Minimum Pulse Width 'Write_Kbd_To_Scope_LCD:Write_Kbd_To_LCD1|state[6]'
Slack : 19.381
TNS   : 0.000

Type  : Minimum Pulse Width 'doublesync:key2_doublsync|reg2'
Slack : 19.386
TNS   : 0.000

Type  : Minimum Pulse Width 'Kbd_ctrl:Kbd_Controller|data_ready'
Slack : 19.406
TNS   : 0.000

Type  : Minimum Pulse Width 'speed_down_event_trigger'
Slack : 19.407
TNS   : 0.000

Type  : Minimum Pulse Width 'Divided_Clk:Divided_Clk_44K|outclk'
Slack : 19.425
TNS   : 0.000

Type  : Minimum Pulse Width 'speed_up_event_trigger'
Slack : 19.426
TNS   : 0.000

------------------------------------------------------------
