Archive member included to satisfy reference by file (symbol)

c:/altera/14.1/nios2eds/bin/gnu/h-x86_64-mingw32/bin/../lib/gcc/nios2-elf/4.8.3\libgcc.a(lib2-divmod.o)
                              obj/default/drivers/drivers.o (__divsi3)
c:/altera/14.1/nios2eds/bin/gnu/h-x86_64-mingw32/bin/../lib/gcc/nios2-elf/4.8.3\libgcc.a(fixsfsi.o)
                              obj/default/drivers/drivers.o (__fixsfsi)
c:/altera/14.1/nios2eds/bin/gnu/h-x86_64-mingw32/bin/../lib/gcc/nios2-elf/4.8.3/../../../../../H-x86_64-mingw32/nios2-elf/lib\libc.a(lib_a-malloc.o)
                              obj/default/graphic_lib/draw_gimps.o (malloc)
c:/altera/14.1/nios2eds/bin/gnu/h-x86_64-mingw32/bin/../lib/gcc/nios2-elf/4.8.3/../../../../../H-x86_64-mingw32/nios2-elf/lib\libc.a(lib_a-mallocr.o)
                              c:/altera/14.1/nios2eds/bin/gnu/h-x86_64-mingw32/bin/../lib/gcc/nios2-elf/4.8.3/../../../../../H-x86_64-mingw32/nios2-elf/lib\libc.a(lib_a-malloc.o) (_malloc_r)
c:/altera/14.1/nios2eds/bin/gnu/h-x86_64-mingw32/bin/../lib/gcc/nios2-elf/4.8.3/../../../../../H-x86_64-mingw32/nios2-elf/lib\libc.a(lib_a-memcpy.o)
                              obj/default/graphic_lib/draw_gimps.o (memcpy)
c:/altera/14.1/nios2eds/bin/gnu/h-x86_64-mingw32/bin/../lib/gcc/nios2-elf/4.8.3/../../../../../H-x86_64-mingw32/nios2-elf/lib\libc.a(lib_a-memset.o)
                              obj/default/vip_fr.o (memset)
c:/altera/14.1/nios2eds/bin/gnu/h-x86_64-mingw32/bin/../lib/gcc/nios2-elf/4.8.3/../../../../../H-x86_64-mingw32/nios2-elf/lib\libc.a(lib_a-printf.o)
                              obj/default/graphic_lib/draw_gimps.o (printf)
c:/altera/14.1/nios2eds/bin/gnu/h-x86_64-mingw32/bin/../lib/gcc/nios2-elf/4.8.3/../../../../../H-x86_64-mingw32/nios2-elf/lib\libc.a(lib_a-sbrkr.o)
                              c:/altera/14.1/nios2eds/bin/gnu/h-x86_64-mingw32/bin/../lib/gcc/nios2-elf/4.8.3/../../../../../H-x86_64-mingw32/nios2-elf/lib\libc.a(lib_a-mallocr.o) (_sbrk_r)
c:/altera/14.1/nios2eds/bin/gnu/h-x86_64-mingw32/bin/../lib/gcc/nios2-elf/4.8.3/../../../../../H-x86_64-mingw32/nios2-elf/lib\libc.a(lib_a-strcpy.o)
                              obj/default/graphic_lib/simple_graphics.o (strcpy)
c:/altera/14.1/nios2eds/bin/gnu/h-x86_64-mingw32/bin/../lib/gcc/nios2-elf/4.8.3/../../../../../H-x86_64-mingw32/nios2-elf/lib\libc.a(lib_a-strlen.o)
                              obj/default/graphic_lib/simple_graphics.o (strlen)
c:/altera/14.1/nios2eds/bin/gnu/h-x86_64-mingw32/bin/../lib/gcc/nios2-elf/4.8.3/../../../../../H-x86_64-mingw32/nios2-elf/lib\libc.a(lib_a-vfprintf.o)
                              c:/altera/14.1/nios2eds/bin/gnu/h-x86_64-mingw32/bin/../lib/gcc/nios2-elf/4.8.3/../../../../../H-x86_64-mingw32/nios2-elf/lib\libc.a(lib_a-printf.o) (___vfprintf_internal_r)
c:/altera/14.1/nios2eds/bin/gnu/h-x86_64-mingw32/bin/../lib/gcc/nios2-elf/4.8.3/../../../../../H-x86_64-mingw32/nios2-elf/lib\libc.a(lib_a-wsetup.o)
                              c:/altera/14.1/nios2eds/bin/gnu/h-x86_64-mingw32/bin/../lib/gcc/nios2-elf/4.8.3/../../../../../H-x86_64-mingw32/nios2-elf/lib\libc.a(lib_a-vfprintf.o) (__swsetup_r)
c:/altera/14.1/nios2eds/bin/gnu/h-x86_64-mingw32/bin/../lib/gcc/nios2-elf/4.8.3/../../../../../H-x86_64-mingw32/nios2-elf/lib\libc.a(lib_a-dtoa.o)
                              c:/altera/14.1/nios2eds/bin/gnu/h-x86_64-mingw32/bin/../lib/gcc/nios2-elf/4.8.3/../../../../../H-x86_64-mingw32/nios2-elf/lib\libc.a(lib_a-vfprintf.o) (_dtoa_r)
c:/altera/14.1/nios2eds/bin/gnu/h-x86_64-mingw32/bin/../lib/gcc/nios2-elf/4.8.3/../../../../../H-x86_64-mingw32/nios2-elf/lib\libc.a(lib_a-fflush.o)
                              c:/altera/14.1/nios2eds/bin/gnu/h-x86_64-mingw32/bin/../lib/gcc/nios2-elf/4.8.3/../../../../../H-x86_64-mingw32/nios2-elf/lib\libc.a(lib_a-vfprintf.o) (_fflush_r)
c:/altera/14.1/nios2eds/bin/gnu/h-x86_64-mingw32/bin/../lib/gcc/nios2-elf/4.8.3/../../../../../H-x86_64-mingw32/nios2-elf/lib\libc.a(lib_a-findfp.o)
                              c:/altera/14.1/nios2eds/bin/gnu/h-x86_64-mingw32/bin/../lib/gcc/nios2-elf/4.8.3/../../../../../H-x86_64-mingw32/nios2-elf/lib\libc.a(lib_a-vfprintf.o) (__sinit)
c:/altera/14.1/nios2eds/bin/gnu/h-x86_64-mingw32/bin/../lib/gcc/nios2-elf/4.8.3/../../../../../H-x86_64-mingw32/nios2-elf/lib\libc.a(lib_a-freer.o)
                              c:/altera/14.1/nios2eds/bin/gnu/h-x86_64-mingw32/bin/../lib/gcc/nios2-elf/4.8.3/../../../../../H-x86_64-mingw32/nios2-elf/lib\libc.a(lib_a-malloc.o) (_free_r)
c:/altera/14.1/nios2eds/bin/gnu/h-x86_64-mingw32/bin/../lib/gcc/nios2-elf/4.8.3/../../../../../H-x86_64-mingw32/nios2-elf/lib\libc.a(lib_a-fwalk.o)
                              c:/altera/14.1/nios2eds/bin/gnu/h-x86_64-mingw32/bin/../lib/gcc/nios2-elf/4.8.3/../../../../../H-x86_64-mingw32/nios2-elf/lib\libc.a(lib_a-findfp.o) (_fwalk)
c:/altera/14.1/nios2eds/bin/gnu/h-x86_64-mingw32/bin/../lib/gcc/nios2-elf/4.8.3/../../../../../H-x86_64-mingw32/nios2-elf/lib\libc.a(lib_a-impure.o)
[...]
Memory Configuration

Name             Origin             Length             Attributes
reset            0x0000000004000000 0x0000000000000020
sdram_BEFORE_EXCEPTION 0x0000000004000020 0x000000000057e400
sdram            0x000000000457e420 0x0000000003a81be0
*default*        0x0000000000000000 0xffffffffffffffff

Linker script and memory map

LOAD ../lab5_bsp//obj/HAL/src/crt0.o
LOAD obj/default/drivers/drivers.o
LOAD obj/default/fonts/tahomabold_20.o
LOAD obj/default/fonts/tahomabold_32.o
LOAD obj/default/frame.o
LOAD obj/default/graphic_lib/draw_gimps.o
LOAD obj/default/graphic_lib/gimp_bmp.o
LOAD obj/default/graphic_lib/simple_graphics.o
LOAD obj/default/graphic_lib/simple_text.o
LOAD obj/default/hello_ucosii.o
LOAD obj/default/imagenes/back_down.o
LOAD obj/default/imagenes/back_up.o
LOAD obj/default/imagenes/ford_down.o
LOAD obj/default/imagenes/ford_up.o
LOAD obj/default/imagenes/pause_down.o
LOAD obj/default/imagenes/pause_up.o
LOAD obj/default/imagenes/play_down.o
LOAD obj/default/imagenes/play_up.o
LOAD obj/default/imagenes/stop_down.o
LOAD obj/default/imagenes/stop_up.o
LOAD obj/default/song/song.o
LOAD obj/default/student_code/student_code.o
LOAD obj/default/vip_fr.o
LOAD c:/altera/14.1/nios2eds/bin/gnu/h-x86_64-mingw32/bin/../lib/gcc/nios2-elf/4.8.3/../../../../../H-x86_64-mingw32/nios2-elf/lib\libstdc++.a
LOAD c:/altera/14.1/nios2eds/bin/gnu/h-x86_64-mingw32/bin/../lib/gcc/nios2-elf/4.8.3/../../../../../H-x86_64-mingw32/nios2-elf/lib\libm.a
LOAD c:/altera/14.1/nios2eds/bin/gnu/h-x86_64-mingw32/bin/../lib/gcc/nios2-elf/4.8.3\libgcc.a
START GROUP
LOAD c:/altera/14.1/nios2eds/bin/gnu/h-x86_64-mingw32/bin/../lib/gcc/nios2-elf/4.8.3/../../../../../H-x86_64-mingw32/nios2-elf/lib\libc.a
LOAD c:/altera/14.1/nios2eds/bin/gnu/h-x86_64-mingw32/bin/../lib/gcc/nios2-elf/4.8.3\libgcc.a
LOAD ../lab5_bsp/\libucosii_bsp.a
LOAD c:/altera/14.1/nios2eds/bin/gnu/h-x86_64-mingw32/bin/../lib/gcc/nios2-elf/4.8.3/../../../../../H-x86_64-mingw32/nios2-elf/lib\libm.a
END GROUP
LOAD c:/altera/14.1/nios2eds/bin/gnu/h-x86_64-mingw32/bin/../lib/gcc/nios2-elf/4.8.3\libgcc.a
                0x0000000004000000                __alt_mem_sdram = 0x4000000

.entry          0x0000000004000000       0x20
 *(.entry)
 .entry         0x0000000004000000       0x20 ../lab5_bsp//obj/HAL/src/crt0.o
                0x0000000004000000                __reset

.exceptions     0x000000000457e420      0x15c
                0x000000000457e420                PROVIDE (__ram_exceptions_start, ABSOLUTE (.))
                0x000000000457e420                . = ALIGN (0x20)
 *(.irq)
 *(.exceptions.entry.label)
 .exceptions.entry.label
                0x000000000457e420        0x0 ../lab5_bsp/\libucosii_bsp.a(alt_irq_entry.o)
                0x000000000457e420                alt_irq_entry
 .exceptions.entry.label
                0x000000000457e420        0x0 ../lab5_bsp/\libucosii_bsp.a(alt_exception_entry.o)
                0x000000000457e420                alt_exception
 *(.exceptions.entry.user)
 *(.exceptions.entry.ecc_fatal)
 *(.exceptions.entry)
 .exceptions.entry
                0x000000000457e420       0x54 ../lab5_bsp/\libucosii_bsp.a(alt_exception_entry.o)
 *(.exceptions.irqtest.user)
 *(.exceptions.irqtest)
 .exceptions.irqtest
                0x000000000457e474       0x10 ../lab5_bsp/\libucosii_bsp.a(alt_irq_entry.o)
 *(.exceptions.irqhandler.user)
 *(.exceptions.irqhandler)
 .exceptions.irqhandler
                0x000000000457e484        0x4 ../lab5_bsp/\libucosii_bsp.a(alt_irq_entry.o)
 *(.exceptions.irqreturn.user)
 *(.exceptions.irqreturn)
 .exceptions.irqreturn
                0x000000000457e488        0x4 ../lab5_bsp/\libucosii_bsp.a(alt_irq_entry.o)
 *(.exceptions.notirq.label)
 .exceptions.notirq.label
                0x000000000457e48c        0x0 ../lab5_bsp/\libucosii_bsp.a(alt_irq_entry.o)
 *(.exceptions.notirq.user)
 *(.exceptions.notirq)
 .exceptions.notirq
                0x000000000457e48c        0x8 ../lab5_bsp/\libucosii_bsp.a(alt_exception_entry.o)
 *(.exceptions.soft.user)
 *(.exceptions.soft)
 *(.exceptions.unknown.user)
 *(.exceptions.unknown)
 .exceptions.unknown
                0x000000000457e494        0x4 ../lab5_bsp/\libucosii_bsp.a(alt_exception_entry.o)
 *(.exceptions.exit.label)
 .exceptions.exit.label
                0x000000000457e498        0x0 ../lab5_bsp/\libucosii_bsp.a(alt_irq_entry.o)
 .exceptions.exit.label
                0x000000000457e498        0x0 ../lab5_bsp/\libucosii_bsp.a(alt_exception_entry.o)
 *(.exceptions.exit.user)
 *(.exceptions.exit)
 .exceptions.exit
                0x000000000457e498       0x54 ../lab5_bsp/\libucosii_bsp.a(alt_exception_entry.o)
 *(.exceptions)
 .exceptions    0x000000000457e4ec       0x90 ../lab5_bsp/\libucosii_bsp.a(alt_irq_handler.o)
                0x000000000457e4ec                alt_irq_handler
                0x000000000457e57c                PROVIDE (__ram_exceptions_end, ABSOLUTE (.))
                0x000000000457e420                PROVIDE (__flash_exceptions_start, LOADADDR (.exceptions))

.text           0x000000000457e57c    0x18fe8
                0x000000000457e57c                PROVIDE (stext, ABSOLUTE (.))
 *(.interp)
 *(.hash)
 *(.dynsym)
 *(.dynstr)
 *(.gnu.version)
 *(.gnu.version_d)
 *(.gnu.version_r)
 *(.rel.init)
 *(.rela.init)
 *(.rel.text .rel.text.* .rel.gnu.linkonce.t.*)
 *(.rela.text .rela.text.* .rela.gnu.linkonce.t.*)
 *(.rel.fini)
 *(.rela.fini)
 *(.rel.rodata .rel.rodata.* .rel.gnu.linkonce.r.*)
 *(.rela.rodata .rela.rodata.* .rela.gnu.linkonce.r.*)
 *(.rel.data .rel.data.* .rel.gnu.linkonce.d.*)
 *(.rela.data .rela.data.* .rela.gnu.linkonce.d.*)
 *(.rel.tdata .rel.tdata.* .rel.gnu.linkonce.td.*)
 *(.rela.tdata .rela.tdata.* .rela.gnu.linkonce.td.*)
 *(.rel.tbss .rel.tbss.* .rel.gnu.linkonce.tb.*)
 *(.rela.tbss .rela.tbss.* .rela.gnu.linkonce.tb.*)
 *(.rel.ctors)
 *(.rela.ctors)
 *(.rel.dtors)
 *(.rela.dtors)
 *(.rel.got)
 *(.rela.got)
 *(.rel.sdata .rel.sdata.* .rel.gnu.linkonce.s.*)
 *(.rela.sdata .rela.sdata.* .rela.gnu.linkonce.s.*)
 *(.rel.sbss .rel.sbss.* .rel.gnu.linkonce.sb.*)
 *(.rela.sbss .rela.sbss.* .rela.gnu.linkonce.sb.*)
 *(.rel.sdata2 .rel.sdata2.* .rel.gnu.linkonce.s2.*)
 *(.rela.sdata2 .rela.sdata2.* .rela.gnu.linkonce.s2.*)
 *(.rel.sbss2 .rel.sbss2.* .rel.gnu.linkonce.sb2.*)
 *(.rela.sbss2 .rela.sbss2.* .rela.gnu.linkonce.sb2.*)
 *(.rel.bss .rel.bss.* .rel.gnu.linkonce.b.*)
 *(.rela.bss .rela.bss.* .rela.gnu.linkonce.b.*)
 *(.rel.plt)
 *(.rela.plt)
 *(.rel.dyn)
 *(.init)
 *(.plt)
 *(.text .stub .text.* .gnu.linkonce.t.*)
 .text          0x000000000457e57c       0x4c ../lab5_bsp//obj/HAL/src/crt0.o
                0x000000000457e57c                _start
 .text          0x000000000457e5c8     0x182c obj/default/drivers/drivers.o
                0x000000000457e5c8                audio_dac_wr_fifo
                0x000000000457e63c                stop_wav
                0x000000000457e660                play_wav
                0x000000000457e67c                pause_wav
                0x000000000457e694                audio_dac_fifo_full
                0x000000000457e6a8                init_audio_hw
                0x000000000457e6e4                set_audio_frequency_audio_controller
                0x000000000457e71c                set_note
                0x000000000457e754                select_modulation
                0x000000000457e768                select_signal
                0x000000000457e77c                audio_selector
                0x000000000457e790                read_keyboard
                0x000000000457e7a0                mouse_pos
                0x000000000457e854                Sleep
                0x000000000457e8a0                Beep
                0x000000000457e8dc                starwars
                0x000000000457ea3c                gloria
                0x000000000457ef20                mario
                0x000000000457f7c0                tetris
 .text          0x000000000457fdf4        0x0 obj/default/fonts/tahomabold_20.o
 .text          0x000000000457fdf4        0x0 obj/default/fonts/tahomabold_32.o
 .text          0x000000000457fdf4      0x120 obj/default/frame.o
                0x000000000457fdf4                ConfigVFR
                0x000000000457feb4                GetFrameBuffer
                0x000000000457fed0                cleanscreen
 .text          0x000000000457ff14      0x55c obj/default/graphic_lib/draw_gimps.o
                0x000000000457ff14                AsVidCopyImageToBuffer
                0x000000000457ffec                AsVidCopyImageToBuffer2
                0x00000000045800e8                AsVidCopyImageToBuffer3
                0x0000000004580208                DispIMAGE
                0x00000000045802b8                DispIMAGE_fit
                0x00000000045803a4                DispIMAGE_from_gimp
 .text          0x0000000004580470      0x508 obj/default/graphic_lib/gimp_bmp.o
                0x0000000004580470                copy_pix_map_32_to_32
                0x00000000045804e0                copy_pix_map_32_to_24
                0x0000000004580560                copy_pix_map_32_to_16
                0x00000000045805e8                copy_pix_map_24_to_32
                0x0000000004580670                copy_pix_map_24_to_24
                0x00000000045806f0                copy_pix_map_24_to_16
                0x0000000004580798                load_gimp_bmp
 .text          0x0000000004580978     0x1ff0 obj/default/graphic_lib/simple_graphics.o
                0x0000000004580978                vid_scroll_string_quit
                0x00000000045809a8                vid_scroll_string_init
                0x0000000004580a94                vid_set_pixel
                0x0000000004580b88                vid_print_char
                0x0000000004580c70                vid_print_string
                0x0000000004580d48                vid_get_pixel
                0x0000000004580da4                vid_move_block
                0x0000000004580ea8                vid_paint_block
                0x0000000004581028                vid_clean_screen
                0x0000000004581058                vid_draw_horiz_line
                0x000000000458128c                vid_merge_colors
                0x00000000045812a8                vid_color_convert24_16
                0x00000000045812dc                vid_color_convert16_24
                0x0000000004581304                vid_copy_line_to_frame_buffer
                0x00000000045814bc                vid_draw_sloped_line
                0x0000000004581648                vid_draw_line
                0x00000000045816c4                vid_draw_box
                0x000000000458183c                vid_scroll_string
                0x0000000004581a6c                vid_round_corner_points
                0x0000000004581ee8                vid_draw_circle
                0x0000000004582000                vid_draw_round_corner_box
                0x00000000045822f0                max3
                0x0000000004582308                min3
                0x0000000004582320                max_diff3
                0x000000000458234c                vid_put_pixel_in_span_map
                0x0000000004582390                vid_bres_scan_edges
                0x00000000045824d8                vid_draw_triangle
                0x00000000045827ac                CopyImage16
                0x000000000458286c                CropImage16
 .text          0x0000000004582968      0xb48 obj/default/graphic_lib/simple_text.o
                0x0000000004582968                seperate_color_channels
                0x00000000045829f8                merge_color_channels
                0x0000000004582a70                read_from_frame
                0x0000000004582bc4                alpha_blending
                0x0000000004582e70                vid_print_char_alpha
                0x0000000004583298                vid_print_string_alpha
                0x0000000004583434                vid_string_pixel_length_alpha
 .text          0x00000000045834b0     0x13a4 obj/default/hello_ucosii.o
                0x00000000045834b0                draw_button
                0x000000000458362c                task2
                0x0000000004584288                init_background
                0x0000000004584654                send_audio_fifo
                0x00000000045846d0                task1
                0x0000000004584774                main
 .text          0x0000000004584854        0x0 obj/default/imagenes/back_down.o
 .text          0x0000000004584854        0x0 obj/default/imagenes/back_up.o
 .text          0x0000000004584854        0x0 obj/default/imagenes/ford_down.o
 .text          0x0000000004584854        0x0 obj/default/imagenes/ford_up.o
 .text          0x0000000004584854        0x0 obj/default/imagenes/pause_down.o
 .text          0x0000000004584854        0x0 obj/default/imagenes/pause_up.o
 .text          0x0000000004584854        0x0 obj/default/imagenes/play_down.o
 .text          0x0000000004584854        0x0 obj/default/imagenes/play_up.o
 .text          0x0000000004584854        0x0 obj/default/imagenes/stop_down.o
 .text          0x0000000004584854        0x0 obj/default/imagenes/stop_up.o
 .text          0x0000000004584854        0x0 obj/default/song/song.o
 .text          0x0000000004584854        0x8 obj/default/student_code/student_code.o
                0x0000000004584854                handle_lfsr_interrupts
                0x0000000004584858                init_lfsr_interrupt
 .text          0x000000000458485c      0x2bc obj/default/vip_fr.o
                0x000000000458485c                VIPFR_UnInit
                0x0000000004584878                VIPFR_Go
                0x0000000004584888                VIPFR_GetDrawFrame
                0x00000000045848a0                VIPFR_ActiveDrawFrame
                0x00000000045848e8                DRAW_EraseScreen
                0x0000000004584938                FrameReader_SetFrame0
                0x0000000004584960                FrameReader_SetFrame1
                0x0000000004584988                VIPFR_SetFrameSize
                0x0000000004584a10                VIPFR_Init
                0x0000000004584ab4                FrameReader_SelectFrame
                0x0000000004584ac0                FrameReader_Go
                0x0000000004584acc                VIPFR_ReserveBackground
 .text          0x0000000004584b18      0x114 c:/altera/14.1/nios2eds/bin/gnu/h-x86_64-mingw32/bin/../lib/gcc/nios2-elf/4.8.3\libgcc.a(lib2-divmod.o)
                0x0000000004584b88                __divsi3
                0x0000000004584bd0                __modsi3
                0x0000000004584c1c                __udivsi3
                0x0000000004584c24                __umodsi3
 .text          0x0000000004584c2c       0x70 c:/altera/14.1/nios2eds/bin/gnu/h-x86_64-mingw32/bin/../lib/gcc/nios2-elf/4.8.3\libgcc.a(fixsfsi.o)
                0x0000000004584c2c                __fixsfsi
 .text          0x0000000004584c9c       0x28 c:/altera/14.1/nios2eds/bin/gnu/h-x86_64-mingw32/bin/../lib/gcc/nios2-elf/4.8.3/../../../../../H-x86_64-mingw32/nios2-elf/lib\libc.a(lib_a-malloc.o)
                0x0000000004584c9c                malloc
                0x0000000004584cb0                free
 .text          0x0000000004584cc4      0x7c4 c:/altera/14.1/nios2eds/bin/gnu/h-x86_64-mingw32/bin/../lib/gcc/nios2-elf/4.8.3/../../../../../H-x86_64-mingw32/nios2-elf/lib\libc.a(lib_a-mallocr.o)
                0x0000000004584cc4                _malloc_r
 .text          0x0000000004585488      0x10c c:/altera/14.1/nios2eds/bin/gnu/h-x86_64-mingw32/bin/../lib/gcc/nios2-elf/4.8.3/../../../../../H-x86_64-mingw32/nios2-elf/lib\libc.a(lib_a-memcpy.o)
                0x0000000004585488                memcpy
 .text          0x0000000004585594      0x114 c:/altera/14.1/nios2eds/bin/gnu/h-x86_64-mingw32/bin/../lib/gcc/nios2-elf/4.8.3/../../../../../H-x86_64-mingw32/nios2-elf/lib\libc.a(lib_a-memset.o)
                0x0000000004585594                memset
 .text          0x00000000045856a8       0x68 c:/altera/14.1/nios2eds/bin/gnu/h-x86_64-mingw32/bin/../lib/gcc/nios2-elf/4.8.3/../../../../../H-x86_64-mingw32/nios2-elf/lib\libc.a(lib_a-printf.o)
                0x00000000045856a8                _printf_r
                0x00000000045856d4                printf
 .text          0x0000000004585710       0x64 c:/altera/14.1/nios2eds/bin/gnu/h-x86_64-mingw32/bin/../lib/gcc/nios2-elf/4.8.3/../../../../../H-x86_64-mingw32/nios2-elf/lib\libc.a(lib_a-sbrkr.o)
                0x0000000004585710                _sbrk_r
 .text          0x0000000004585774       0x88 c:/altera/14.1/nios2eds/bin/gnu/h-x86_64-mingw32/bin/../lib/gcc/nios2-elf/4.8.3/../../../../../H-x86_64-mingw32/nios2-elf/lib\libc.a(lib_a-strcpy.o)
                0x0000000004585774                strcpy
 .text          0x00000000045857fc       0x8c c:/altera/14.1/nios2eds/bin/gnu/h-x86_64-mingw32/bin/../lib/gcc/nios2-elf/4.8.3/../../../../../H-x86_64-mingw32/nios2-elf/lib\libc.a(lib_a-strlen.o)
                0x00000000045857fc                strlen
 .text          0x0000000004585888     0x2000 c:/altera/14.1/nios2eds/bin/gnu/h-x86_64-mingw32/bin/../lib/gcc/nios2-elf/4.8.3/../../../../../H-x86_64-mingw32/nios2-elf/lib\libc.a(lib_a-vfprintf.o)
                0x0000000004585888                ___vfprintf_internal_r
                0x0000000004587864                __vfprintf_internal
 .text          0x0000000004587888      0x138 c:/altera/14.1/nios2eds/bin/gnu/h-x86_64-mingw32/bin/../lib/gcc/nios2-elf/4.8.3/../../../../../H-x86_64-mingw32/nios2-elf/lib\libc.a(lib_a-wsetup.o)
                0x0000000004587888                __swsetup_r
 .text          0x00000000045879c0     0x1840 c:/altera/14.1/nios2eds/bin/gnu/h-x86_64-mingw32/bin/../lib/gcc/nios2-elf/4.8.3/../../../../../H-x86_64-mingw32/nios2-elf/lib\libc.a(lib_a-dtoa.o)
                0x0000000004587bc4                _dtoa_r
 .text          0x0000000004589200      0x274 c:/altera/14.1/nios2eds/bin/gnu/h-x86_64-mingw32/bin/../lib/gcc/nios2-elf/4.8.3/../../../../../H-x86_64-mingw32/nios2-elf/lib\libc.a(lib_a-fflush.o)
                0x0000000004589200                _fflush_r
                0x0000000004589444                fflush
 .text          0x0000000004589474      0x390 c:/altera/14.1/nios2eds/bin/gnu/h-x86_64-mingw32/bin/../lib/gcc/nios2-elf/4.8.3/../../../../../H-x86_64-mingw32/nios2-elf/lib\libc.a(lib_a-findfp.o)
                0x0000000004589484                _cleanup_r
                0x0000000004589490                __sfmoreglue
                0x00000000045894f4                _cleanup
                0x000000000458950c                __sinit
                0x00000000045896a8                __sfp
                0x00000000045897c4                __sfp_lock_acquire
                0x00000000045897c8                __sfp_lock_release
                0x00000000045897cc                __sinit_lock_acquire
                0x00000000045897d0                __sinit_lock_release
                0x00000000045897d4                __fp_lock_all
                0x00000000045897ec                __fp_unlock_all
 .text          0x0000000004589804      0x40c c:/altera/14.1/nios2eds/bin/gnu/h-x86_64-mingw32/bin/../lib/gcc/nios2-elf/4.8.3/../../../../../H-x86_64-mingw32/nios2-elf/lib\libc.a(lib_a-freer.o)
                0x0000000004589804                _malloc_trim_r
                0x0000000004589940                _free_r
 .text          0x0000000004589c10      0x160 c:/altera/14.1/nios2eds/bin/gnu/h-x86_64-mingw32/bin/../lib/gcc/nios2-elf/4.8.3/../../../../../H-x86_64-mingw32/nios2-elf/lib\libc.a(lib_a-fwalk.o)
                0x0000000004589c10                _fwalk
                0x0000000004589cb8                _fwalk_reent
 .text          0x0000000004589d70        0x0 c:/altera/14.1/nios2eds/bin/gnu/h-x86_64-mingw32/bin/../lib/gcc/nios2-elf/4.8.3/../../../../../H-x86_64-mingw32/nios2-elf/lib\libc.a(lib_a-impure.o)
 .text          0x0000000004589d70        0x0 c:/altera/14.1/nios2eds/bin/gnu/h-x86_64-mingw32/bin/../lib/gcc/nios2-elf/4.8.3/../../../../../H-x86_64-mingw32/nios2-elf/lib\libc.a(lib_a-int_errno.o)
 .text          0x0000000004589d70       0xd4 c:/altera/14.1/nios2eds/bin/gnu/h-x86_64-mingw32/bin/../lib/gcc/nios2-elf/4.8.3/../../../../../H-x86_64-mingw32/nios2-elf/lib\libc.a(lib_a-locale.o)
                0x0000000004589d70                _setlocale_r
                0x0000000004589de0                __locale_charset
                0x0000000004589dec                __locale_mb_cur_max
                0x0000000004589dfc                __locale_msgcharset
                0x0000000004589e08                __locale_cjk_lang
                0x0000000004589e10                _localeconv_r
                0x0000000004589e1c                setlocale
                0x0000000004589e38                localeconv
 .text          0x0000000004589e44      0x1b4 c:/altera/14.1/nios2eds/bin/gnu/h-x86_64-mingw32/bin/../lib/gcc/nios2-elf/4.8.3/../../../../../H-x86_64-mingw32/nios2-elf/lib\libc.a(lib_a-makebuf.o)
                0x0000000004589e44                __smakebuf_r
 .text          0x0000000004589ff8       0xe8 c:/altera/14.1/nios2eds/bin/gnu/h-x86_64-mingw32/bin/../lib/gcc/nios2-elf/4.8.3/../../../../../H-x86_64-mingw32/nios2-elf/lib\libc.a(lib_a-memchr.o)
                0x0000000004589ff8                memchr
 .text          0x000000000458a0e0      0xf78 c:/altera/14.1/nios2eds/bin/gnu/h-x86_64-mingw32/bin/../lib/gcc/nios2-elf/4.8.3/../../../../../H-x86_64-mingw32/nios2-elf/lib\libc.a(lib_a-mprec.o)
                0x000000000458a0e0                _Balloc
                0x000000000458a188                _Bfree
                0x000000000458a1b0                __multadd
                0x000000000458a2c4                __s2b
                0x000000000458a3c8                __hi0bits
                0x000000000458a430                __lo0bits
                0x000000000458a4e0                __i2b
                0x000000000458a51c                __multiply
                0x000000000458a708                __pow5mult
                0x000000000458a850                __lshift
                0x000000000458a9a0                __mcmp
                0x000000000458aa00                __mdiff
                0x000000000458abb0                __ulp
                0x000000000458ac10                __b2d
                0x000000000458ad00                __d2b
                0x000000000458ae44                __ratio
                0x000000000458aee4                _mprec_log10
                0x000000000458af58                __copybits
                0x000000000458afd0                __any_on
 .text          0x000000000458b058       0x68 c:/altera/14.1/nios2eds/bin/gnu/h-x86_64-mingw32/bin/../lib/gcc/nios2-elf/4.8.3/../../../../../H-x86_64-mingw32/nios2-elf/lib\libc.a(lib_a-s_fpclassify.o)
                0x000000000458b058                __fpclassifyd
 .text          0x000000000458b0c0      0x13c c:/altera/14.1/nios2eds/bin/gnu/h-x86_64-mingw32/bin/../lib/gcc/nios2-elf/4.8.3/../../../../../H-x86_64-mingw32/nios2-elf/lib\libc.a(lib_a-stdio.o)
                0x000000000458b0c0                __sread
                0x000000000458b114                __seofread
                0x000000000458b11c                __swrite
                0x000000000458b198                __sseek
                0x000000000458b1f4                __sclose
 .text          0x000000000458b1fc       0xa4 c:/altera/14.1/nios2eds/bin/gnu/h-x86_64-mingw32/bin/../lib/gcc/nios2-elf/4.8.3/../../../../../H-x86_64-mingw32/nios2-elf/lib\libc.a(lib_a-strcmp.o)
                0x000000000458b1fc                strcmp
 .text          0x000000000458b2a0     0x13a8 c:/altera/14.1/nios2eds/bin/gnu/h-x86_64-mingw32/bin/../lib/gcc/nios2-elf/4.8.3/../../../../../H-x86_64-mingw32/nios2-elf/lib\libc.a(lib_a-vfiprintf.o)
                0x000000000458b39c                __sprint_r
                0x000000000458b3b4                ___vfiprintf_internal_r
                0x000000000458c624                __vfiprintf_internal
 .text          0x000000000458c648       0x6c c:/altera/14.1/nios2eds/bin/gnu/h-x86_64-mingw32/bin/../lib/gcc/nios2-elf/4.8.3/../../../../../H-x86_64-mingw32/nios2-elf/lib\libc.a(lib_a-writer.o)
                0x000000000458c648                _write_r
 .text          0x000000000458c6b4       0x64 c:/altera/14.1/nios2eds/bin/gnu/h-x86_64-mingw32/bin/../lib/gcc/nios2-elf/4.8.3/../../../../../H-x86_64-mingw32/nios2-elf/lib\libc.a(closer.o)
                0x000000000458c6b4                _close_r
 .text          0x000000000458c718       0xc4 c:/altera/14.1/nios2eds/bin/gnu/h-x86_64-mingw32/bin/../lib/gcc/nios2-elf/4.8.3/../../../../../H-x86_64-mingw32/nios2-elf/lib\libc.a(lib_a-callocr.o)
                0x000000000458c718                _calloc_r
 .text          0x000000000458c7dc      0x13c c:/altera/14.1/nios2eds/bin/gnu/h-x86_64-mingw32/bin/../lib/gcc/nios2-elf/4.8.3/../../../../../H-x86_64-mingw32/nios2-elf/lib\libc.a(lib_a-fclose.o)
                0x000000000458c7dc                _fclose_r
                0x000000000458c904                fclose
 .text          0x000000000458c918      0x1fc c:/altera/14.1/nios2eds/bin/gnu/h-x86_64-mingw32/bin/../lib/gcc/nios2-elf/4.8.3/../../../../../H-x86_64-mingw32/nios2-elf/lib\libc.a(lib_a-fputwc.o)
                0x000000000458c918                _fputwc_r
                0x000000000458ca9c                fputwc
 .text          0x000000000458cb14       0x68 c:/altera/14.1/nios2eds/bin/gnu/h-x86_64-mingw32/bin/../lib/gcc/nios2-elf/4.8.3/../../../../../H-x86_64-mingw32/nios2-elf/lib\libc.a(lib_a-fstatr.o)
                0x000000000458cb14                _fstat_r
 .text          0x000000000458cb7c      0x4ac c:/altera/14.1/nios2eds/bin/gnu/h-x86_64-mingw32/bin/../lib/gcc/nios2-elf/4.8.3/../../../../../H-x86_64-mingw32/nios2-elf/lib\libc.a(lib_a-fvwrite.o)
                0x000000000458cb7c                __sfvwrite_r
 .text          0x000000000458d028       0x64 c:/altera/14.1/nios2eds/bin/gnu/h-x86_64-mingw32/bin/../lib/gcc/nios2-elf/4.8.3/../../../../../H-x86_64-mingw32/nios2-elf/lib\libc.a(lib_a-isattyr.o)
                0x000000000458d028                _isatty_r
 .text          0x000000000458d08c       0x6c c:/altera/14.1/nios2eds/bin/gnu/h-x86_64-mingw32/bin/../lib/gcc/nios2-elf/4.8.3/../../../../../H-x86_64-mingw32/nios2-elf/lib\libc.a(lib_a-lseekr.o)
                0x000000000458d08c                _lseek_r
 .text          0x000000000458d0f8      0x13c c:/altera/14.1/nios2eds/bin/gnu/h-x86_64-mingw32/bin/../lib/gcc/nios2-elf/4.8.3/../../../../../H-x86_64-mingw32/nios2-elf/lib\libc.a(lib_a-memmove.o)
                0x000000000458d0f8                memmove
 .text          0x000000000458d234       0x6c c:/altera/14.1/nios2eds/bin/gnu/h-x86_64-mingw32/bin/../lib/gcc/nios2-elf/4.8.3/../../../../../H-x86_64-mingw32/nios2-elf/lib\libc.a(lib_a-readr.o)
                0x000000000458d234                _read_r
 .text          0x000000000458d2a0      0x564 c:/altera/14.1/nios2eds/bin/gnu/h-x86_64-mingw32/bin/../lib/gcc/nios2-elf/4.8.3/../../../../../H-x86_64-mingw32/nios2-elf/lib\libc.a(lib_a-reallocr.o)
                0x000000000458d2a0                _realloc_r
 .text          0x000000000458d804      0x19c c:/altera/14.1/nios2eds/bin/gnu/h-x86_64-mingw32/bin/../lib/gcc/nios2-elf/4.8.3/../../../../../H-x86_64-mingw32/nios2-elf/lib\libc.a(lib_a-wbuf.o)
                0x000000000458d804                __swbuf_r
                0x000000000458d984                __swbuf
 .text          0x000000000458d9a0      0x174 c:/altera/14.1/nios2eds/bin/gnu/h-x86_64-mingw32/bin/../lib/gcc/nios2-elf/4.8.3/../../../../../H-x86_64-mingw32/nios2-elf/lib\libc.a(lib_a-wcrtomb.o)
                0x000000000458d9a0                _wcrtomb_r
                0x000000000458da3c                wcrtomb
 .text          0x000000000458db14       0x8c c:/altera/14.1/nios2eds/bin/gnu/h-x86_64-mingw32/bin/../lib/gcc/nios2-elf/4.8.3/../../../../../H-x86_64-mingw32/nios2-elf/lib\libc.a(lib_a-wctomb_r.o)
                0x000000000458db14                __ascii_wctomb
                0x000000000458db44                _wctomb_r
 .text          0x000000000458dba0      0x5c4 c:/altera/14.1/nios2eds/bin/gnu/h-x86_64-mingw32/bin/../lib/gcc/nios2-elf/4.8.3\libgcc.a(_udivdi3.o)
                0x000000000458dba0                __udivdi3
 .text          0x000000000458e164      0x598 c:/altera/14.1/nios2eds/bin/gnu/h-x86_64-mingw32/bin/../lib/gcc/nios2-elf/4.8.3\libgcc.a(_umoddi3.o)
                0x000000000458e164                __umoddi3
 .text          0x000000000458e6fc      0x87c c:/altera/14.1/nios2eds/bin/gnu/h-x86_64-mingw32/bin/../lib/gcc/nios2-elf/4.8.3\libgcc.a(adddf3.o)
                0x000000000458e6fc                __adddf3
 .text          0x000000000458ef78      0x8d4 c:/altera/14.1/nios2eds/bin/gnu/h-x86_64-mingw32/bin/../lib/gcc/nios2-elf/4.8.3\libgcc.a(divdf3.o)
                0x000000000458ef78                __divdf3
 .text          0x000000000458f84c       0x84 c:/altera/14.1/nios2eds/bin/gnu/h-x86_64-mingw32/bin/../lib/gcc/nios2-elf/4.8.3\libgcc.a(eqdf2.o)
                0x000000000458f84c                __nedf2
                0x000000000458f84c                __eqdf2
 .text          0x000000000458f8d0       0xd8 c:/altera/14.1/nios2eds/bin/gnu/h-x86_64-mingw32/bin/../lib/gcc/nios2-elf/4.8.3\libgcc.a(gedf2.o)
                0x000000000458f8d0                __gedf2
                0x000000000458f8d0                __gtdf2
 .text          0x000000000458f9a8       0xec c:/altera/14.1/nios2eds/bin/gnu/h-x86_64-mingw32/bin/../lib/gcc/nios2-elf/4.8.3\libgcc.a(ledf2.o)
                0x000000000458f9a8                __ledf2
                0x000000000458f9a8                __ltdf2
 .text          0x000000000458fa94      0x6ec c:/altera/14.1/nios2eds/bin/gnu/h-x86_64-mingw32/bin/../lib/gcc/nios2-elf/4.8.3\libgcc.a(muldf3.o)
                0x000000000458fa94                __muldf3
 .text          0x0000000004590180      0x888 c:/altera/14.1/nios2eds/bin/gnu/h-x86_64-mingw32/bin/../lib/gcc/nios2-elf/4.8.3\libgcc.a(subdf3.o)
                0x0000000004590180                __subdf3
 .text          0x0000000004590a08       0x80 c:/altera/14.1/nios2eds/bin/gnu/h-x86_64-mingw32/bin/../lib/gcc/nios2-elf/4.8.3\libgcc.a(fixdfsi.o)
                0x0000000004590a08                __fixdfsi
 .text          0x0000000004590a88       0xd0 c:/altera/14.1/nios2eds/bin/gnu/h-x86_64-mingw32/bin/../lib/gcc/nios2-elf/4.8.3\libgcc.a(floatsidf.o)
                0x0000000004590a88                __floatsidf
 .text          0x0000000004590b58       0xa0 c:/altera/14.1/nios2eds/bin/gnu/h-x86_64-mingw32/bin/../lib/gcc/nios2-elf/4.8.3\libgcc.a(floatunsidf.o)
                0x0000000004590b58                __floatunsidf
 .text          0x0000000004590bf8        0x0 c:/altera/14.1/nios2eds/bin/gnu/h-x86_64-mingw32/bin/../lib/gcc/nios2-elf/4.8.3\libgcc.a(_clz.o)
 .text          0x0000000004590bf8       0xac c:/altera/14.1/nios2eds/bin/gnu/h-x86_64-mingw32/bin/../lib/gcc/nios2-elf/4.8.3\libgcc.a(_clzsi2.o)
                0x0000000004590bf8                __clzsi2
 .text          0x0000000004590ca4       0xcc ../lab5_bsp/\libucosii_bsp.a(alt_close.o)
                0x0000000004590ca4                close
 .text          0x0000000004590d70       0x18 ../lab5_bsp/\libucosii_bsp.a(alt_dcache_flush_all.o)
                0x0000000004590d70                alt_dcache_flush_all
 .text          0x0000000004590d88        0x8 ../lab5_bsp/\libucosii_bsp.a(alt_dev.o)
 .text          0x0000000004590d90        0x0 ../lab5_bsp/\libucosii_bsp.a(alt_errno.o)
 .text          0x0000000004590d90       0x78 ../lab5_bsp/\libucosii_bsp.a(alt_fstat.o)
                0x0000000004590d90                fstat
 .text          0x0000000004590e08       0x7c ../lab5_bsp/\libucosii_bsp.a(alt_isatty.o)
                0x0000000004590e08                isatty
 .text          0x0000000004590e84      0x154 ../lab5_bsp/\libucosii_bsp.a(alt_load.o)
                0x0000000004590e84                alt_load
 .text          0x0000000004590fd8       0x8c ../lab5_bsp/\libucosii_bsp.a(alt_lseek.o)
                0x0000000004590fd8                lseek
 .text          0x0000000004591064       0xa8 ../lab5_bsp/\libucosii_bsp.a(alt_main.o)
                0x0000000004591064                alt_main
 .text          0x000000000459110c       0xe4 ../lab5_bsp/\libucosii_bsp.a(alt_read.o)
                0x000000000459110c                read
 .text          0x00000000045911f0       0x24 ../lab5_bsp/\libucosii_bsp.a(alt_release_fd.o)
                0x00000000045911f0                alt_release_fd
 .text          0x0000000004591214       0x4c ../lab5_bsp/\libucosii_bsp.a(alt_sbrk.o)
                0x0000000004591214                sbrk
 .text          0x0000000004591260       0xfc ../lab5_bsp/\libucosii_bsp.a(alt_tick.o)
                0x0000000004591260                alt_alarm_stop
                0x0000000004591298                alt_tick
 .text          0x000000000459135c       0xe0 ../lab5_bsp/\libucosii_bsp.a(alt_write.o)
                0x000000000459135c                write
 .text          0x000000000459143c       0xb8 ../lab5_bsp/\libucosii_bsp.a(alt_env_lock.o)
                0x000000000459143c                __env_lock
                0x00000000045914bc                __env_unlock
 .text          0x00000000045914f4      0x120 ../lab5_bsp/\libucosii_bsp.a(alt_malloc_lock.o)
                0x00000000045914f4                __malloc_lock
                0x00000000045915a0                __malloc_unlock
 .text          0x0000000004591614     0x11e4 ../lab5_bsp/\libucosii_bsp.a(os_core.o)
                0x0000000004591650                OS_TaskIdle
                0x0000000004591684                OSIntEnter
                0x00000000045916c0                OSIntExit
                0x000000000459176c                OSSchedLock
                0x00000000045917b0                OSStart
                0x0000000004591800                OSStatInit
                0x0000000004591860                OSTimeTick
                0x0000000004591980                OSVersion
                0x0000000004591988                OS_Dummy
                0x000000000459198c                OS_EventTaskWait
                0x00000000045919fc                OS_EventTaskWaitMulti
                0x0000000004591a84                OS_EventTaskRemove
                0x0000000004591ac0                OS_EventTaskRemoveMulti
                0x0000000004591b14                OS_EventTaskRdy
                0x0000000004591c04                OS_EventWaitListInit
                0x0000000004591c18                OS_MemClr
                0x0000000004591c44                OSInit
                0x0000000004591e64                OS_MemCopy
                0x0000000004591e98                OS_Sched
                0x0000000004591f24                OSEventPendMulti
                0x00000000045922c8                OSSchedUnlock
                0x0000000004592340                OS_StrCopy
                0x0000000004592388                OSEventNameGet
                0x0000000004592444                OS_StrLen
                0x000000000459246c                OSEventNameSet
                0x0000000004592548                OS_TaskStatStkChk
                0x00000000045925dc                OS_TaskStat
                0x0000000004592674                OS_TCBInit
 .text          0x00000000045927f8        0x4 ../lab5_bsp/\libucosii_bsp.a(os_dbg.o)
                0x00000000045927f8                OSDebugInit
 .text          0x00000000045927fc      0xde0 ../lab5_bsp/\libucosii_bsp.a(os_flag.o)
                0x00000000045928a8                OSFlagAccept
                0x0000000004592a3c                OSFlagCreate
                0x0000000004592ad4                OSFlagNameGet
                0x0000000004592b98                OSFlagNameSet
                0x0000000004592c7c                OSFlagPendGetFlagsRdy
                0x0000000004592ca4                OSFlagQuery
                0x0000000004592d00                OS_FlagInit
                0x0000000004592d94                OS_FlagUnlink
                0x0000000004592e5c                OSFlagDel
                0x0000000004592fd4                OSFlagPost
                0x0000000004593234                OSFlagPend
 .text          0x00000000045935dc      0x448 ../lab5_bsp/\libucosii_bsp.a(os_mem.o)
                0x00000000045935dc                OSMemCreate
                0x00000000045936f4                OSMemGet
                0x0000000004593760                OSMemNameGet
                0x0000000004593804                OSMemNameSet
                0x00000000045938cc                OSMemPut
                0x0000000004593930                OSMemQuery
                0x000000000459399c                OS_MemInit
 .text          0x0000000004593a24      0xa78 ../lab5_bsp/\libucosii_bsp.a(os_q.o)
                0x0000000004593a24                OSQAccept
                0x0000000004593ac4                OSQCreate
                0x0000000004593bd4                OSQDel
                0x0000000004593d88                OSQFlush
                0x0000000004593dd8                OSQPend
                0x0000000004593f90                OSQPendAbort
                0x00000000045940a4                OSQPost
                0x000000000459416c                OSQPostFront
                0x0000000004594234                OSQPostOpt
                0x000000000459439c                OSQQuery
                0x000000000459443c                OS_QInit
 .text          0x000000000459449c      0x66c ../lab5_bsp/\libucosii_bsp.a(os_sem.o)
                0x000000000459449c                OSSemAccept
                0x00000000045944e8                OSSemCreate
                0x000000000459457c                OSSemDel
                0x0000000004594700                OSSemPend
                0x0000000004594868                OSSemPendAbort
                0x000000000459497c                OSSemPost
                0x0000000004594a20                OSSemQuery
                0x0000000004594a98                OSSemSet
 .text          0x0000000004594b08      0xfac ../lab5_bsp/\libucosii_bsp.a(os_task.o)
                0x0000000004594b08                OSTaskChangePrio
                0x0000000004594dc0                OSTaskCreate
                0x0000000004594ee4                OSTaskDel
                0x0000000004595180                OSTaskDelReq
                0x0000000004595250                OSTaskNameGet
                0x000000000459536c                OSTaskNameSet
                0x00000000045954a4                OSTaskResume
                0x00000000045955d0                OSTaskStkChk
                0x00000000045956d8                OSTaskSuspend
                0x000000000459583c                OSTaskQuery
                0x0000000004595908                OS_TaskStkClr
                0x000000000459592c                OSTaskCreateExt
 .text          0x0000000004595ab4      0x320 ../lab5_bsp/\libucosii_bsp.a(os_time.o)
                0x0000000004595ab4                OSTimeDly
                0x0000000004595b50                OSTimeDlyHMSM
                0x0000000004595c74                OSTimeDlyResume
                0x0000000004595d8c                OSTimeGet
                0x0000000004595db0                OSTimeSet
 .text          0x0000000004595dd4       0x7c ../lab5_bsp/\libucosii_bsp.a(alt_sys_init.o)
                0x0000000004595dd4                alt_irq_init
                0x0000000004595df4                alt_sys_init
 .text          0x0000000004595e50       0x98 ../lab5_bsp/\libucosii_bsp.a(altera_avalon_jtag_uart_fd.o)
                0x0000000004595e50                altera_avalon_jtag_uart_read_fd
                0x0000000004595e78                altera_avalon_jtag_uart_write_fd
                0x0000000004595ea0                altera_avalon_jtag_uart_close_fd
                0x0000000004595ec8                altera_avalon_jtag_uart_ioctl_fd
 .text          0x0000000004595ee8      0x344 ../lab5_bsp/\libucosii_bsp.a(altera_avalon_jtag_uart_init.o)
                0x0000000004596128                altera_avalon_jtag_uart_init
                0x00000000045961f0                altera_avalon_jtag_uart_close
 .text          0x000000000459622c       0x88 ../lab5_bsp/\libucosii_bsp.a(altera_avalon_jtag_uart_ioctl.o)
                0x000000000459622c                altera_avalon_jtag_uart_ioctl
 .text          0x00000000045962b4      0x1bc ../lab5_bsp/\libucosii_bsp.a(altera_avalon_jtag_uart_read.o)
                0x00000000045962b4                altera_avalon_jtag_uart_read
 .text          0x0000000004596470      0x1e4 ../lab5_bsp/\libucosii_bsp.a(altera_avalon_jtag_uart_write.o)
                0x0000000004596470                altera_avalon_jtag_uart_write
 .text          0x0000000004596654       0x94 ../lab5_bsp/\libucosii_bsp.a(altera_avalon_timer_sc.o)
                0x0000000004596690                alt_avalon_timer_sc_init
 .text          0x00000000045966e8       0x94 ../lab5_bsp/\libucosii_bsp.a(alt_alarm_start.o)
                0x00000000045966e8                alt_alarm_start
 .text          0x000000000459677c       0x80 ../lab5_bsp/\libucosii_bsp.a(alt_dev_llist_insert.o)
                0x000000000459677c                alt_dev_llist_insert
 .text          0x00000000045967fc       0x68 ../lab5_bsp/\libucosii_bsp.a(alt_do_ctors.o)
                0x00000000045967fc                _do_ctors
 .text          0x0000000004596864       0x68 ../lab5_bsp/\libucosii_bsp.a(alt_do_dtors.o)
                0x0000000004596864                _do_dtors
 .text          0x00000000045968cc       0x20 ../lab5_bsp/\libucosii_bsp.a(alt_icache_flush_all.o)
                0x00000000045968cc                alt_icache_flush_all
 .text          0x00000000045968ec       0xb8 ../lab5_bsp/\libucosii_bsp.a(alt_iic.o)
                0x00000000045968ec                alt_ic_isr_register
                0x000000000459690c                alt_ic_irq_enable
                0x000000000459694c                alt_ic_irq_disable
                0x000000000459698c                alt_ic_irq_enabled
 .text          0x00000000045969a4       0x6c ../lab5_bsp/\libucosii_bsp.a(alt_iic_isr_register.o)
                0x00000000045969a4                alt_iic_isr_register
 .text          0x0000000004596a10       0xfc ../lab5_bsp/\libucosii_bsp.a(alt_io_redirect.o)
                0x0000000004596a74                alt_io_redirect
 .text          0x0000000004596b0c        0x0 ../lab5_bsp/\libucosii_bsp.a(alt_irq_entry.o)
 .text          0x0000000004596b0c        0x0 ../lab5_bsp/\libucosii_bsp.a(alt_irq_handler.o)
 .text          0x0000000004596b0c        0x0 ../lab5_bsp/\libucosii_bsp.a(alt_irq_vars.o)
 .text          0x0000000004596b0c      0x180 ../lab5_bsp/\libucosii_bsp.a(alt_open.o)
                0x0000000004596b0c                open
 .text          0x0000000004596c8c        0x8 ../lab5_bsp/\libucosii_bsp.a(altera_nios2_qsys_irq.o)
                0x0000000004596c8c                altera_nios2_qsys_irq_init
 .text          0x0000000004596c94       0xd0 ../lab5_bsp/\libucosii_bsp.a(os_cpu_a.o)
                0x0000000004596c94                OSCtxSw
                0x0000000004596c94                OSIntCtxSw
                0x0000000004596d20                OSStartHighRdy
                0x0000000004596d40                OSStartTsk
 .text          0x0000000004596d64      0x1ec ../lab5_bsp/\libucosii_bsp.a(os_cpu_c.o)
                0x0000000004596d64                OSTaskStkInit
                0x0000000004596f2c                OSTaskCreateHook
                0x0000000004596f30                OSTaskDelHook
                0x0000000004596f34                OSTaskSwHook
                0x0000000004596f38                OSTaskStatHook
                0x0000000004596f3c                OSTimeTickHook
                0x0000000004596f40                OSInitHookBegin
                0x0000000004596f44                OSInitHookEnd
                0x0000000004596f48                OSTaskIdleHook
                0x0000000004596f4c                OSTCBInitHook
 .text          0x0000000004596f50        0x0 ../lab5_bsp/\libucosii_bsp.a(alt_exception_entry.o)
 .text          0x0000000004596f50       0x80 ../lab5_bsp/\libucosii_bsp.a(alt_find_dev.o)
                0x0000000004596f50                alt_find_dev
 .text          0x0000000004596fd0       0xc8 ../lab5_bsp/\libucosii_bsp.a(alt_find_file.o)
                0x0000000004596fd0                alt_find_file
 .text          0x0000000004597098       0xcc ../lab5_bsp/\libucosii_bsp.a(alt_get_fd.o)
                0x0000000004597098                alt_get_fd
 .text          0x0000000004597164       0x58 ../lab5_bsp/\libucosii_bsp.a(alt_icache_flush.o)
                0x0000000004597164                alt_icache_flush
 .text          0x00000000045971bc       0x14 c:/altera/14.1/nios2eds/bin/gnu/h-x86_64-mingw32/bin/../lib/gcc/nios2-elf/4.8.3/../../../../../H-x86_64-mingw32/nios2-elf/lib\libc.a(lib_a-atexit.o)
                0x00000000045971bc                atexit
 .text          0x00000000045971d0       0x38 c:/altera/14.1/nios2eds/bin/gnu/h-x86_64-mingw32/bin/../lib/gcc/nios2-elf/4.8.3/../../../../../H-x86_64-mingw32/nios2-elf/lib\libc.a(lib_a-exit.o)
                0x00000000045971d0                exit
 .text          0x0000000004597208       0x7c c:/altera/14.1/nios2eds/bin/gnu/h-x86_64-mingw32/bin/../lib/gcc/nios2-elf/4.8.3/../../../../../H-x86_64-mingw32/nios2-elf/lib\libc.a(lib_a-memcmp.o)
                0x0000000004597208                memcmp
 .text          0x0000000004597284      0x11c c:/altera/14.1/nios2eds/bin/gnu/h-x86_64-mingw32/bin/../lib/gcc/nios2-elf/4.8.3/../../../../../H-x86_64-mingw32/nios2-elf/lib\libc.a(lib_a-__atexit.o)
                0x0000000004597284                __register_exitproc
 .text          0x00000000045973a0      0x1a4 c:/altera/14.1/nios2eds/bin/gnu/h-x86_64-mingw32/bin/../lib/gcc/nios2-elf/4.8.3/../../../../../H-x86_64-mingw32/nios2-elf/lib\libc.a(lib_a-__call_atexit.o)
                0x00000000045973a0                __call_exitprocs
 .text          0x0000000004597544       0x20 ../lab5_bsp/\libucosii_bsp.a(alt_exit.o)
                0x0000000004597544                _exit
 *(.gnu.warning.*)
 *(.fini)
                0x0000000004597564                PROVIDE (__etext, ABSOLUTE (.))
                0x0000000004597564                PROVIDE (_etext, ABSOLUTE (.))
                0x0000000004597564                PROVIDE (etext, ABSOLUTE (.))
 *(.eh_frame_hdr)
                0x0000000004597564                . = ALIGN (0x4)
                0x0000000004597564                PROVIDE (__preinit_array_start, ABSOLUTE (.))
 *(.preinit_array)
                0x0000000004597564                PROVIDE (__preinit_array_end, ABSOLUTE (.))
                0x0000000004597564                PROVIDE (__init_array_start, ABSOLUTE (.))
 *(.init_array)
                0x0000000004597564                PROVIDE (__init_array_end, ABSOLUTE (.))
                0x0000000004597564                PROVIDE (__fini_array_start, ABSOLUTE (.))
 *(.fini_array)
                0x0000000004597564                PROVIDE (__fini_array_end, ABSOLUTE (.))
 *(.eh_frame)
 *(.gcc_except_table .gcc_except_table.*)
 *(.dynamic)
                0x0000000004597564                PROVIDE (__CTOR_LIST__, ABSOLUTE (.))
 *(.ctors)
 *(SORT(.ctors.*))
                0x0000000004597564                PROVIDE (__CTOR_END__, ABSOLUTE (.))
                0x0000000004597564                PROVIDE (__DTOR_LIST__, ABSOLUTE (.))
 *(.dtors)
 *(SORT(.dtors.*))
                0x0000000004597564                PROVIDE (__DTOR_END__, ABSOLUTE (.))
 *(.jcr)
                0x0000000004597564                . = ALIGN (0x4)

.rodata         0x0000000004597564   0x1973b8
                0x0000000004597564                PROVIDE (__ram_rodata_start, ABSOLUTE (.))
                0x0000000004597564                . = ALIGN (0x4)
 *(.rodata .rodata.* .gnu.linkonce.r.*)
 .rodata        0x0000000004597564     0x77f2 obj/default/fonts/tahomabold_20.o
 .rodata        0x000000000459ed56    0x12520 obj/default/fonts/tahomabold_32.o
 *fill*         0x00000000045b1276        0x2 
 .rodata.str1.4
                0x00000000045b1278        0xe obj/default/graphic_lib/draw_gimps.o
                                         0x10 (size before relaxing)
 *fill*         0x00000000045b1286        0x2 
 .rodata.str1.4
                0x00000000045b1288       0x2f obj/default/hello_ucosii.o
                                         0x30 (size before relaxing)
 *fill*         0x00000000045b12b7        0x1 
 .rodata        0x00000000045b12b8     0x28cc obj/default/imagenes/back_down.o
                0x00000000045b12b8                back_down
 .rodata        0x00000000045b3b84     0x28cc obj/default/imagenes/back_up.o
                0x00000000045b3b84                back_up
 .rodata        0x00000000045b6450     0x28cc obj/default/imagenes/ford_down.o
                0x00000000045b6450                ford_down
 .rodata        0x00000000045b8d1c     0x28cc obj/default/imagenes/ford_up.o
                0x00000000045b8d1c                ford_up
 .rodata        0x00000000045bb5e8     0x8dd0 obj/default/imagenes/pause_down.o
                0x00000000045bb5e8                pause_down
 .rodata        0x00000000045c43b8     0x8dd0 obj/default/imagenes/pause_up.o
                0x00000000045c43b8                pause_up
 .rodata        0x00000000045cd188     0x7820 obj/default/imagenes/play_down.o
                0x00000000045cd188                play_down
 .rodata        0x00000000045d49a8     0x7820 obj/default/imagenes/play_up.o
                0x00000000045d49a8                play_up
 .rodata        0x00000000045dc1c8     0x7f88 obj/default/imagenes/stop_down.o
                0x00000000045dc1c8                stop_down
 .rodata        0x00000000045e4150     0x7f88 obj/default/imagenes/stop_up.o
                0x00000000045e4150                stop_up
 .rodata        0x00000000045ec0d8   0x142440 obj/default/song/song.o
                0x00000000045ec0d8                song
 .rodata.str1.4
                0x000000000472e518       0x42 c:/altera/14.1/nios2eds/bin/gnu/h-x86_64-mingw32/bin/../lib/gcc/nios2-elf/4.8.3/../../../../../H-x86_64-mingw32/nios2-elf/lib\libc.a(lib_a-vfprintf.o)
                                         0x44 (size before relaxing)
 .rodata        0x000000000472e55a       0x20 c:/altera/14.1/nios2eds/bin/gnu/h-x86_64-mingw32/bin/../lib/gcc/nios2-elf/4.8.3/../../../../../H-x86_64-mingw32/nios2-elf/lib\libc.a(lib_a-vfprintf.o)
 *fill*         0x000000000472e57a        0x2 
 .rodata.str1.4
                0x000000000472e57c       0x10 c:/altera/14.1/nios2eds/bin/gnu/h-x86_64-mingw32/bin/../lib/gcc/nios2-elf/4.8.3/../../../../../H-x86_64-mingw32/nios2-elf/lib\libc.a(lib_a-dtoa.o)
                                         0x14 (size before relaxing)
 .rodata.str1.4
                0x000000000472e58c        0x2 c:/altera/14.1/nios2eds/bin/gnu/h-x86_64-mingw32/bin/../lib/gcc/nios2-elf/4.8.3/../../../../../H-x86_64-mingw32/nios2-elf/lib\libc.a(lib_a-impure.o)
                                          0x4 (size before relaxing)
 *fill*         0x000000000472e58e        0x2 
 .rodata.str1.4
                0x000000000472e590        0xa c:/altera/14.1/nios2eds/bin/gnu/h-x86_64-mingw32/bin/../lib/gcc/nios2-elf/4.8.3/../../../../../H-x86_64-mingw32/nios2-elf/lib\libc.a(lib_a-locale.o)
                                         0x14 (size before relaxing)
 *fill*         0x000000000472e59a        0x2 
 .rodata        0x000000000472e59c      0x124 c:/altera/14.1/nios2eds/bin/gnu/h-x86_64-mingw32/bin/../lib/gcc/nios2-elf/4.8.3/../../../../../H-x86_64-mingw32/nios2-elf/lib\libc.a(lib_a-mprec.o)
                0x000000000472e5a8                __mprec_tinytens
                0x000000000472e5d0                __mprec_bigtens
                0x000000000472e5f8                __mprec_tens
 .rodata.str1.4
                0x0000000000000000       0x30 c:/altera/14.1/nios2eds/bin/gnu/h-x86_64-mingw32/bin/../lib/gcc/nios2-elf/4.8.3/../../../../../H-x86_64-mingw32/nios2-elf/lib\libc.a(lib_a-vfiprintf.o)
 .rodata        0x000000000472e6c0       0x20 c:/altera/14.1/nios2eds/bin/gnu/h-x86_64-mingw32/bin/../lib/gcc/nios2-elf/4.8.3/../../../../../H-x86_64-mingw32/nios2-elf/lib\libc.a(lib_a-vfiprintf.o)
 .rodata        0x000000000472e6e0      0x100 c:/altera/14.1/nios2eds/bin/gnu/h-x86_64-mingw32/bin/../lib/gcc/nios2-elf/4.8.3\libgcc.a(_clz.o)
                0x000000000472e6e0                __clz_tab
 .rodata.str1.4
                0x000000000472e7e0        0xa ../lab5_bsp/\libucosii_bsp.a(alt_dev.o)
                                          0xc (size before relaxing)
 *fill*         0x000000000472e7ea        0x2 
 .rodata.str1.4
                0x000000000472e7ec        0xf ../lab5_bsp/\libucosii_bsp.a(alt_main.o)
                                         0x10 (size before relaxing)
 *fill*         0x000000000472e7fb        0x1 
 .rodata.str1.4
                0x000000000472e7fc       0x20 ../lab5_bsp/\libucosii_bsp.a(os_core.o)
 .rodata        0x000000000472e81c      0x100 ../lab5_bsp/\libucosii_bsp.a(os_core.o)
                0x000000000472e81c                OSUnMapTbl
 .rodata.str1.4
                0x0000000000000000       0x10 ../lab5_bsp/\libucosii_bsp.a(alt_sys_init.o)
 .rodata.str1.4
                0x0000000000000000        0x4 ../lab5_bsp/\libucosii_bsp.a(os_cpu_c.o)
 *(.rodata1)
                0x000000000472e91c                . = ALIGN (0x4)
                0x000000000472e91c                PROVIDE (__ram_rodata_end, ABSOLUTE (.))
                0x0000000004597564                PROVIDE (__flash_rodata_start, LOADADDR (.rodata))

.rwdata         0x000000000472e91c     0x3718 load address 0x0000000004732034
                0x000000000472e91c                PROVIDE (__ram_rwdata_start, ABSOLUTE (.))
                0x000000000472e91c                . = ALIGN (0x4)
 *(.got.plt)
 *(.got)
 *(.data1)
 *(.data .data.* .gnu.linkonce.d.*)
 .data          0x000000000472e91c        0x0 ../lab5_bsp//obj/HAL/src/crt0.o
 .data          0x000000000472e91c        0x0 obj/default/drivers/drivers.o
 .data          0x000000000472e91c      0xbc0 obj/default/fonts/tahomabold_20.o
                0x000000000472e91c                tahomabold_20
 .data          0x000000000472f4dc      0xbc0 obj/default/fonts/tahomabold_32.o
                0x000000000472f4dc                tahomabold_32
 .data          0x000000000473009c        0x0 obj/default/frame.o
 .data          0x000000000473009c        0x0 obj/default/graphic_lib/draw_gimps.o
 .data          0x000000000473009c        0x0 obj/default/graphic_lib/gimp_bmp.o
 .data          0x000000000473009c      0x415 obj/default/graphic_lib/simple_graphics.o
                0x000000000473009c                cour10_font_array
 .data          0x00000000047304b1        0x0 obj/default/graphic_lib/simple_text.o
 .data          0x00000000047304b1        0x0 obj/default/hello_ucosii.o
 .data          0x00000000047304b1        0x0 obj/default/imagenes/back_down.o
 .data          0x00000000047304b1        0x0 obj/default/imagenes/back_up.o
 .data          0x00000000047304b1        0x0 obj/default/imagenes/ford_down.o
 .data          0x00000000047304b1        0x0 obj/default/imagenes/ford_up.o
 .data          0x00000000047304b1        0x0 obj/default/imagenes/pause_down.o
 .data          0x00000000047304b1        0x0 obj/default/imagenes/pause_up.o
 .data          0x00000000047304b1        0x0 obj/default/imagenes/play_down.o
 .data          0x00000000047304b1        0x0 obj/default/imagenes/play_up.o
 .data          0x00000000047304b1        0x0 obj/default/imagenes/stop_down.o
 .data          0x00000000047304b1        0x0 obj/default/imagenes/stop_up.o
 .data          0x00000000047304b1        0x0 obj/default/song/song.o
 .data          0x00000000047304b1        0x0 obj/default/student_code/student_code.o
 .data          0x00000000047304b1        0x0 obj/default/vip_fr.o
 .data          0x00000000047304b1        0x0 c:/altera/14.1/nios2eds/bin/gnu/h-x86_64-mingw32/bin/../lib/gcc/nios2-elf/4.8.3\libgcc.a(lib2-divmod.o)
 .data          0x00000000047304b1        0x0 c:/altera/14.1/nios2eds/bin/gnu/h-x86_64-mingw32/bin/../lib/gcc/nios2-elf/4.8.3\libgcc.a(fixsfsi.o)
 .data          0x00000000047304b1        0x0 c:/altera/14.1/nios2eds/bin/gnu/h-x86_64-mingw32/bin/../lib/gcc/nios2-elf/4.8.3/../../../../../H-x86_64-mingw32/nios2-elf/lib\libc.a(lib_a-malloc.o)
 *fill*         0x00000000047304b1        0x3 
 .data          0x00000000047304b4      0x408 c:/altera/14.1/nios2eds/bin/gnu/h-x86_64-mingw32/bin/../lib/gcc/nios2-elf/4.8.3/../../../../../H-x86_64-mingw32/nios2-elf/lib\libc.a(lib_a-mallocr.o)
                0x00000000047304b4                __malloc_av_
 .data          0x00000000047308bc        0x0 c:/altera/14.1/nios2eds/bin/gnu/h-x86_64-mingw32/bin/../lib/gcc/nios2-elf/4.8.3/../../../../../H-x86_64-mingw32/nios2-elf/lib\libc.a(lib_a-memcpy.o)
 .data          0x00000000047308bc        0x0 c:/altera/14.1/nios2eds/bin/gnu/h-x86_64-mingw32/bin/../lib/gcc/nios2-elf/4.8.3/../../../../../H-x86_64-mingw32/nios2-elf/lib\libc.a(lib_a-memset.o)
 .data          0x00000000047308bc        0x0 c:/altera/14.1/nios2eds/bin/gnu/h-x86_64-mingw32/bin/../lib/gcc/nios2-elf/4.8.3/../../../../../H-x86_64-mingw32/nios2-elf/lib\libc.a(lib_a-printf.o)
 .data          0x00000000047308bc        0x0 c:/altera/14.1/nios2eds/bin/gnu/h-x86_64-mingw32/bin/../lib/gcc/nios2-elf/4.8.3/../../../../../H-x86_64-mingw32/nios2-elf/lib\libc.a(lib_a-sbrkr.o)
 .data          0x00000000047308bc        0x0 c:/altera/14.1/nios2eds/bin/gnu/h-x86_64-mingw32/bin/../lib/gcc/nios2-elf/4.8.3/../../../../../H-x86_64-mingw32/nios2-elf/lib\libc.a(lib_a-strcpy.o)
 .data          0x00000000047308bc        0x0 c:/altera/14.1/nios2eds/bin/gnu/h-x86_64-mingw32/bin/../lib/gcc/nios2-elf/4.8.3/../../../../../H-x86_64-mingw32/nios2-elf/lib\libc.a(lib_a-strlen.o)
 .data          0x00000000047308bc        0x0 c:/altera/14.1/nios2eds/bin/gnu/h-x86_64-mingw32/bin/../lib/gcc/nios2-elf/4.8.3/../../../../../H-x86_64-mingw32/nios2-elf/lib\libc.a(lib_a-vfprintf.o)
 .data          0x00000000047308bc        0x0 c:/altera/14.1/nios2eds/bin/gnu/h-x86_64-mingw32/bin/../lib/gcc/nios2-elf/4.8.3/../../../../../H-x86_64-mingw32/nios2-elf/lib\libc.a(lib_a-wsetup.o)
 .data          0x00000000047308bc        0x0 c:/altera/14.1/nios2eds/bin/gnu/h-x86_64-mingw32/bin/../lib/gcc/nios2-elf/4.8.3/../../../../../H-x86_64-mingw32/nios2-elf/lib\libc.a(lib_a-dtoa.o)
 .data          0x00000000047308bc        0x0 c:/altera/14.1/nios2eds/bin/gnu/h-x86_64-mingw32/bin/../lib/gcc/nios2-elf/4.8.3/../../../../../H-x86_64-mingw32/nios2-elf/lib\libc.a(lib_a-fflush.o)
 .data          0x00000000047308bc        0x0 c:/altera/14.1/nios2eds/bin/gnu/h-x86_64-mingw32/bin/../lib/gcc/nios2-elf/4.8.3/../../../../../H-x86_64-mingw32/nios2-elf/lib\libc.a(lib_a-findfp.o)
 .data          0x00000000047308bc        0x0 c:/altera/14.1/nios2eds/bin/gnu/h-x86_64-mingw32/bin/../lib/gcc/nios2-elf/4.8.3/../../../../../H-x86_64-mingw32/nios2-elf/lib\libc.a(lib_a-freer.o)
 .data          0x00000000047308bc        0x0 c:/altera/14.1/nios2eds/bin/gnu/h-x86_64-mingw32/bin/../lib/gcc/nios2-elf/4.8.3/../../../../../H-x86_64-mingw32/nios2-elf/lib\libc.a(lib_a-fwalk.o)
 .data          0x00000000047308bc      0x424 c:/altera/14.1/nios2eds/bin/gnu/h-x86_64-mingw32/bin/../lib/gcc/nios2-elf/4.8.3/../../../../../H-x86_64-mingw32/nios2-elf/lib\libc.a(lib_a-impure.o)
 .data          0x0000000004730ce0        0x0 c:/altera/14.1/nios2eds/bin/gnu/h-x86_64-mingw32/bin/../lib/gcc/nios2-elf/4.8.3/../../../../../H-x86_64-mingw32/nios2-elf/lib\libc.a(lib_a-int_errno.o)
 .data          0x0000000004730ce0       0x78 c:/altera/14.1/nios2eds/bin/gnu/h-x86_64-mingw32/bin/../lib/gcc/nios2-elf/4.8.3/../../../../../H-x86_64-mingw32/nios2-elf/lib\libc.a(lib_a-locale.o)
 .data          0x0000000004730d58        0x0 c:/altera/14.1/nios2eds/bin/gnu/h-x86_64-mingw32/bin/../lib/gcc/nios2-elf/4.8.3/../../../../../H-x86_64-mingw32/nios2-elf/lib\libc.a(lib_a-makebuf.o)
 .data          0x0000000004730d58        0x0 c:/altera/14.1/nios2eds/bin/gnu/h-x86_64-mingw32/bin/../lib/gcc/nios2-elf/4.8.3/../../../../../H-x86_64-mingw32/nios2-elf/lib\libc.a(lib_a-memchr.o)
 .data          0x0000000004730d58        0x0 c:/altera/14.1/nios2eds/bin/gnu/h-x86_64-mingw32/bin/../lib/gcc/nios2-elf/4.8.3/../../../../../H-x86_64-mingw32/nios2-elf/lib\libc.a(lib_a-mprec.o)
 .data          0x0000000004730d58        0x0 c:/altera/14.1/nios2eds/bin/gnu/h-x86_64-mingw32/bin/../lib/gcc/nios2-elf/4.8.3/../../../../../H-x86_64-mingw32/nios2-elf/lib\libc.a(lib_a-s_fpclassify.o)
 .data          0x0000000004730d58        0x0 c:/altera/14.1/nios2eds/bin/gnu/h-x86_64-mingw32/bin/../lib/gcc/nios2-elf/4.8.3/../../../../../H-x86_64-mingw32/nios2-elf/lib\libc.a(lib_a-stdio.o)
 .data          0x0000000004730d58        0x0 c:/altera/14.1/nios2eds/bin/gnu/h-x86_64-mingw32/bin/../lib/gcc/nios2-elf/4.8.3/../../../../../H-x86_64-mingw32/nios2-elf/lib\libc.a(lib_a-strcmp.o)
 .data          0x0000000004730d58        0x0 c:/altera/14.1/nios2eds/bin/gnu/h-x86_64-mingw32/bin/../lib/gcc/nios2-elf/4.8.3/../../../../../H-x86_64-mingw32/nios2-elf/lib\libc.a(lib_a-vfiprintf.o)
 .data          0x0000000004730d58        0x0 c:/altera/14.1/nios2eds/bin/gnu/h-x86_64-mingw32/bin/../lib/gcc/nios2-elf/4.8.3/../../../../../H-x86_64-mingw32/nios2-elf/lib\libc.a(lib_a-writer.o)
 .data          0x0000000004730d58        0x0 c:/altera/14.1/nios2eds/bin/gnu/h-x86_64-mingw32/bin/../lib/gcc/nios2-elf/4.8.3/../../../../../H-x86_64-mingw32/nios2-elf/lib\libc.a(closer.o)
 .data          0x0000000004730d58        0x0 c:/altera/14.1/nios2eds/bin/gnu/h-x86_64-mingw32/bin/../lib/gcc/nios2-elf/4.8.3/../../../../../H-x86_64-mingw32/nios2-elf/lib\libc.a(lib_a-callocr.o)
 .data          0x0000000004730d58        0x0 c:/altera/14.1/nios2eds/bin/gnu/h-x86_64-mingw32/bin/../lib/gcc/nios2-elf/4.8.3/../../../../../H-x86_64-mingw32/nios2-elf/lib\libc.a(lib_a-fclose.o)
 .data          0x0000000004730d58        0x0 c:/altera/14.1/nios2eds/bin/gnu/h-x86_64-mingw32/bin/../lib/gcc/nios2-elf/4.8.3/../../../../../H-x86_64-mingw32/nios2-elf/lib\libc.a(lib_a-fputwc.o)
 .data          0x0000000004730d58        0x0 c:/altera/14.1/nios2eds/bin/gnu/h-x86_64-mingw32/bin/../lib/gcc/nios2-elf/4.8.3/../../../../../H-x86_64-mingw32/nios2-elf/lib\libc.a(lib_a-fstatr.o)
 .data          0x0000000004730d58        0x0 c:/altera/14.1/nios2eds/bin/gnu/h-x86_64-mingw32/bin/../lib/gcc/nios2-elf/4.8.3/../../../../../H-x86_64-mingw32/nios2-elf/lib\libc.a(lib_a-fvwrite.o)
 .data          0x0000000004730d58        0x0 c:/altera/14.1/nios2eds/bin/gnu/h-x86_64-mingw32/bin/../lib/gcc/nios2-elf/4.8.3/../../../../../H-x86_64-mingw32/nios2-elf/lib\libc.a(lib_a-isattyr.o)
 .data          0x0000000004730d58        0x0 c:/altera/14.1/nios2eds/bin/gnu/h-x86_64-mingw32/bin/../lib/gcc/nios2-elf/4.8.3/../../../../../H-x86_64-mingw32/nios2-elf/lib\libc.a(lib_a-lseekr.o)
 .data          0x0000000004730d58        0x0 c:/altera/14.1/nios2eds/bin/gnu/h-x86_64-mingw32/bin/../lib/gcc/nios2-elf/4.8.3/../../../../../H-x86_64-mingw32/nios2-elf/lib\libc.a(lib_a-memmove.o)
 .data          0x0000000004730d58        0x0 c:/altera/14.1/nios2eds/bin/gnu/h-x86_64-mingw32/bin/../lib/gcc/nios2-elf/4.8.3/../../../../../H-x86_64-mingw32/nios2-elf/lib\libc.a(lib_a-readr.o)
 .data          0x0000000004730d58        0x0 c:/altera/14.1/nios2eds/bin/gnu/h-x86_64-mingw32/bin/../lib/gcc/nios2-elf/4.8.3/../../../../../H-x86_64-mingw32/nios2-elf/lib\libc.a(lib_a-reallocr.o)
 .data          0x0000000004730d58        0x0 c:/altera/14.1/nios2eds/bin/gnu/h-x86_64-mingw32/bin/../lib/gcc/nios2-elf/4.8.3/../../../../../H-x86_64-mingw32/nios2-elf/lib\libc.a(lib_a-wbuf.o)
 .data          0x0000000004730d58        0x0 c:/altera/14.1/nios2eds/bin/gnu/h-x86_64-mingw32/bin/../lib/gcc/nios2-elf/4.8.3/../../../../../H-x86_64-mingw32/nios2-elf/lib\libc.a(lib_a-wcrtomb.o)
 .data          0x0000000004730d58        0x0 c:/altera/14.1/nios2eds/bin/gnu/h-x86_64-mingw32/bin/../lib/gcc/nios2-elf/4.8.3/../../../../../H-x86_64-mingw32/nios2-elf/lib\libc.a(lib_a-wctomb_r.o)
 .data          0x0000000004730d58        0x0 c:/altera/14.1/nios2eds/bin/gnu/h-x86_64-mingw32/bin/../lib/gcc/nios2-elf/4.8.3\libgcc.a(_udivdi3.o)
 .data          0x0000000004730d58        0x0 c:/altera/14.1/nios2eds/bin/gnu/h-x86_64-mingw32/bin/../lib/gcc/nios2-elf/4.8.3\libgcc.a(_umoddi3.o)
 .data          0x0000000004730d58        0x0 c:/altera/14.1/nios2eds/bin/gnu/h-x86_64-mingw32/bin/../lib/gcc/nios2-elf/4.8.3\libgcc.a(adddf3.o)
 .data          0x0000000004730d58        0x0 c:/altera/14.1/nios2eds/bin/gnu/h-x86_64-mingw32/bin/../lib/gcc/nios2-elf/4.8.3\libgcc.a(divdf3.o)
 .data          0x0000000004730d58        0x0 c:/altera/14.1/nios2eds/bin/gnu/h-x86_64-mingw32/bin/../lib/gcc/nios2-elf/4.8.3\libgcc.a(eqdf2.o)
 .data          0x0000000004730d58        0x0 c:/altera/14.1/nios2eds/bin/gnu/h-x86_64-mingw32/bin/../lib/gcc/nios2-elf/4.8.3\libgcc.a(gedf2.o)
 .data          0x0000000004730d58        0x0 c:/altera/14.1/nios2eds/bin/gnu/h-x86_64-mingw32/bin/../lib/gcc/nios2-elf/4.8.3\libgcc.a(ledf2.o)
 .data          0x0000000004730d58        0x0 c:/altera/14.1/nios2eds/bin/gnu/h-x86_64-mingw32/bin/../lib/gcc/nios2-elf/4.8.3\libgcc.a(muldf3.o)
 .data          0x0000000004730d58        0x0 c:/altera/14.1/nios2eds/bin/gnu/h-x86_64-mingw32/bin/../lib/gcc/nios2-elf/4.8.3\libgcc.a(subdf3.o)
 .data          0x0000000004730d58        0x0 c:/altera/14.1/nios2eds/bin/gnu/h-x86_64-mingw32/bin/../lib/gcc/nios2-elf/4.8.3\libgcc.a(fixdfsi.o)
 .data          0x0000000004730d58        0x0 c:/altera/14.1/nios2eds/bin/gnu/h-x86_64-mingw32/bin/../lib/gcc/nios2-elf/4.8.3\libgcc.a(floatsidf.o)
 .data          0x0000000004730d58        0x0 c:/altera/14.1/nios2eds/bin/gnu/h-x86_64-mingw32/bin/../lib/gcc/nios2-elf/4.8.3\libgcc.a(floatunsidf.o)
 .data          0x0000000004730d58        0x0 c:/altera/14.1/nios2eds/bin/gnu/h-x86_64-mingw32/bin/../lib/gcc/nios2-elf/4.8.3\libgcc.a(_clz.o)
 .data          0x0000000004730d58        0x0 c:/altera/14.1/nios2eds/bin/gnu/h-x86_64-mingw32/bin/../lib/gcc/nios2-elf/4.8.3\libgcc.a(_clzsi2.o)
 .data          0x0000000004730d58        0x0 ../lab5_bsp/\libucosii_bsp.a(alt_close.o)
 .data          0x0000000004730d58        0x0 ../lab5_bsp/\libucosii_bsp.a(alt_dcache_flush_all.o)
 .data          0x0000000004730d58      0x1a8 ../lab5_bsp/\libucosii_bsp.a(alt_dev.o)
                0x0000000004730d58                alt_fd_list
                0x0000000004730ed8                alt_dev_null
 .data          0x0000000004730f00        0x0 ../lab5_bsp/\libucosii_bsp.a(alt_errno.o)
 .data          0x0000000004730f00        0x0 ../lab5_bsp/\libucosii_bsp.a(alt_fstat.o)
 .data          0x0000000004730f00        0x0 ../lab5_bsp/\libucosii_bsp.a(alt_isatty.o)
 .data          0x0000000004730f00        0x0 ../lab5_bsp/\libucosii_bsp.a(alt_load.o)
 .data          0x0000000004730f00        0x0 ../lab5_bsp/\libucosii_bsp.a(alt_lseek.o)
 .data          0x0000000004730f00        0x0 ../lab5_bsp/\libucosii_bsp.a(alt_main.o)
 .data          0x0000000004730f00        0x0 ../lab5_bsp/\libucosii_bsp.a(alt_read.o)
 .data          0x0000000004730f00        0x0 ../lab5_bsp/\libucosii_bsp.a(alt_release_fd.o)
 .data          0x0000000004730f00        0x0 ../lab5_bsp/\libucosii_bsp.a(alt_sbrk.o)
 .data          0x0000000004730f00        0x0 ../lab5_bsp/\libucosii_bsp.a(alt_tick.o)
 .data          0x0000000004730f00        0x0 ../lab5_bsp/\libucosii_bsp.a(alt_write.o)
 .data          0x0000000004730f00        0x0 ../lab5_bsp/\libucosii_bsp.a(alt_env_lock.o)
 .data          0x0000000004730f00        0x0 ../lab5_bsp/\libucosii_bsp.a(alt_malloc_lock.o)
 .data          0x0000000004730f00        0x0 ../lab5_bsp/\libucosii_bsp.a(os_core.o)
 .data          0x0000000004730f00        0x0 ../lab5_bsp/\libucosii_bsp.a(os_dbg.o)
 .data          0x0000000004730f00        0x0 ../lab5_bsp/\libucosii_bsp.a(os_flag.o)
 .data          0x0000000004730f00        0x0 ../lab5_bsp/\libucosii_bsp.a(os_mem.o)
 .data          0x0000000004730f00        0x0 ../lab5_bsp/\libucosii_bsp.a(os_q.o)
 .data          0x0000000004730f00        0x0 ../lab5_bsp/\libucosii_bsp.a(os_sem.o)
 .data          0x0000000004730f00        0x0 ../lab5_bsp/\libucosii_bsp.a(os_task.o)
 .data          0x0000000004730f00        0x0 ../lab5_bsp/\libucosii_bsp.a(os_time.o)
 .data          0x0000000004730f00     0x106c ../lab5_bsp/\libucosii_bsp.a(alt_sys_init.o)
 .data          0x0000000004731f6c        0x0 ../lab5_bsp/\libucosii_bsp.a(altera_avalon_jtag_uart_fd.o)
 .data          0x0000000004731f6c        0x0 ../lab5_bsp/\libucosii_bsp.a(altera_avalon_jtag_uart_init.o)
 .data          0x0000000004731f6c        0x0 ../lab5_bsp/\libucosii_bsp.a(altera_avalon_jtag_uart_ioctl.o)
 .data          0x0000000004731f6c        0x0 ../lab5_bsp/\libucosii_bsp.a(altera_avalon_jtag_uart_read.o)
 .data          0x0000000004731f6c        0x0 ../lab5_bsp/\libucosii_bsp.a(altera_avalon_jtag_uart_write.o)
 .data          0x0000000004731f6c        0x0 ../lab5_bsp/\libucosii_bsp.a(altera_avalon_timer_sc.o)
 .data          0x0000000004731f6c        0x0 ../lab5_bsp/\libucosii_bsp.a(alt_alarm_start.o)
 .data          0x0000000004731f6c        0x0 ../lab5_bsp/\libucosii_bsp.a(alt_dev_llist_insert.o)
 .data          0x0000000004731f6c        0x0 ../lab5_bsp/\libucosii_bsp.a(alt_do_ctors.o)
 .data          0x0000000004731f6c        0x0 ../lab5_bsp/\libucosii_bsp.a(alt_do_dtors.o)
 .data          0x0000000004731f6c        0x0 ../lab5_bsp/\libucosii_bsp.a(alt_icache_flush_all.o)
 .data          0x0000000004731f6c        0x0 ../lab5_bsp/\libucosii_bsp.a(alt_iic.o)
 .data          0x0000000004731f6c        0x0 ../lab5_bsp/\libucosii_bsp.a(alt_iic_isr_register.o)
 .data          0x0000000004731f6c        0x0 ../lab5_bsp/\libucosii_bsp.a(alt_io_redirect.o)
 .data          0x0000000004731f6c        0x0 ../lab5_bsp/\libucosii_bsp.a(alt_irq_entry.o)
 .data          0x0000000004731f6c        0x0 ../lab5_bsp/\libucosii_bsp.a(alt_irq_handler.o)
 .data          0x0000000004731f6c        0x0 ../lab5_bsp/\libucosii_bsp.a(alt_irq_vars.o)
 .data          0x0000000004731f6c        0x0 ../lab5_bsp/\libucosii_bsp.a(alt_open.o)
 .data          0x0000000004731f6c        0x0 ../lab5_bsp/\libucosii_bsp.a(altera_nios2_qsys_irq.o)
 .data          0x0000000004731f6c        0x0 ../lab5_bsp/\libucosii_bsp.a(os_cpu_a.o)
 .data          0x0000000004731f6c        0x0 ../lab5_bsp/\libucosii_bsp.a(os_cpu_c.o)
 .data          0x0000000004731f6c        0x0 ../lab5_bsp/\libucosii_bsp.a(alt_exception_entry.o)
 .data          0x0000000004731f6c        0x0 ../lab5_bsp/\libucosii_bsp.a(alt_find_dev.o)
 .data          0x0000000004731f6c        0x0 ../lab5_bsp/\libucosii_bsp.a(alt_find_file.o)
 .data          0x0000000004731f6c        0x0 ../lab5_bsp/\libucosii_bsp.a(alt_get_fd.o)
 .data          0x0000000004731f6c        0x0 ../lab5_bsp/\libucosii_bsp.a(alt_icache_flush.o)
 .data          0x0000000004731f6c        0x0 c:/altera/14.1/nios2eds/bin/gnu/h-x86_64-mingw32/bin/../lib/gcc/nios2-elf/4.8.3/../../../../../H-x86_64-mingw32/nios2-elf/lib\libc.a(lib_a-atexit.o)
 .data          0x0000000004731f6c        0x0 c:/altera/14.1/nios2eds/bin/gnu/h-x86_64-mingw32/bin/../lib/gcc/nios2-elf/4.8.3/../../../../../H-x86_64-mingw32/nios2-elf/lib\libc.a(lib_a-exit.o)
 .data          0x0000000004731f6c        0x0 c:/altera/14.1/nios2eds/bin/gnu/h-x86_64-mingw32/bin/../lib/gcc/nios2-elf/4.8.3/../../../../../H-x86_64-mingw32/nios2-elf/lib\libc.a(lib_a-memcmp.o)
 .data          0x0000000004731f6c        0x0 c:/altera/14.1/nios2eds/bin/gnu/h-x86_64-mingw32/bin/../lib/gcc/nios2-elf/4.8.3/../../../../../H-x86_64-mingw32/nios2-elf/lib\libc.a(lib_a-__atexit.o)
 .data          0x0000000004731f6c        0x0 c:/altera/14.1/nios2eds/bin/gnu/h-x86_64-mingw32/bin/../lib/gcc/nios2-elf/4.8.3/../../../../../H-x86_64-mingw32/nios2-elf/lib\libc.a(lib_a-__call_atexit.o)
 .data          0x0000000004731f6c        0x0 ../lab5_bsp/\libucosii_bsp.a(alt_exit.o)
                0x0000000004739f6c                _gp = ABSOLUTE ((. + 0x8000))
                0x0000000004739f6c                PROVIDE (gp, _gp)
 *(.rwdata .rwdata.*)
 *(.sdata .sdata.* .gnu.linkonce.s.*)
 .sdata         0x0000000004731f6c        0x4 obj/default/graphic_lib/simple_graphics.o
                0x0000000004731f6c                cour10_font
 .sdata         0x0000000004731f70        0x4 obj/default/hello_ucosii.o
                0x0000000004731f70                freq_reader
 .sdata         0x0000000004731f74        0x4 obj/default/song/song.o
                0x0000000004731f74                size_song
 .sdata         0x0000000004731f78        0x8 c:/altera/14.1/nios2eds/bin/gnu/h-x86_64-mingw32/bin/../lib/gcc/nios2-elf/4.8.3/../../../../../H-x86_64-mingw32/nios2-elf/lib\libc.a(lib_a-mallocr.o)
                0x0000000004731f78                __malloc_sbrk_base
                0x0000000004731f7c                __malloc_trim_threshold
 .sdata         0x0000000004731f80        0x8 c:/altera/14.1/nios2eds/bin/gnu/h-x86_64-mingw32/bin/../lib/gcc/nios2-elf/4.8.3/../../../../../H-x86_64-mingw32/nios2-elf/lib\libc.a(lib_a-impure.o)
                0x0000000004731f80                _global_impure_ptr
                0x0000000004731f84                _impure_ptr
 .sdata         0x0000000004731f88        0x4 c:/altera/14.1/nios2eds/bin/gnu/h-x86_64-mingw32/bin/../lib/gcc/nios2-elf/4.8.3/../../../../../H-x86_64-mingw32/nios2-elf/lib\libc.a(lib_a-locale.o)
                0x0000000004731f88                __mb_cur_max
 .sdata         0x0000000004731f8c        0x4 c:/altera/14.1/nios2eds/bin/gnu/h-x86_64-mingw32/bin/../lib/gcc/nios2-elf/4.8.3/../../../../../H-x86_64-mingw32/nios2-elf/lib\libc.a(lib_a-wctomb_r.o)
                0x0000000004731f8c                __wctomb
 .sdata         0x0000000004731f90       0x14 ../lab5_bsp/\libucosii_bsp.a(alt_dev.o)
                0x0000000004731f90                alt_max_fd
                0x0000000004731f94                alt_dev_list
                0x0000000004731f9c                alt_fs_list
 .sdata         0x0000000004731fa4        0x4 ../lab5_bsp/\libucosii_bsp.a(alt_errno.o)
                0x0000000004731fa4                alt_errno
 .sdata         0x0000000004731fa8        0x4 ../lab5_bsp/\libucosii_bsp.a(alt_sbrk.o)
 .sdata         0x0000000004731fac        0x8 ../lab5_bsp/\libucosii_bsp.a(alt_tick.o)
                0x0000000004731fac                alt_alarm_list
 .sdata         0x0000000004731fb4        0x4 ../lab5_bsp/\libucosii_bsp.a(alt_env_lock.o)
 .sdata         0x0000000004731fb8        0x4 ../lab5_bsp/\libucosii_bsp.a(alt_malloc_lock.o)
 .sdata         0x0000000004731fbc       0x74 ../lab5_bsp/\libucosii_bsp.a(os_dbg.o)
                0x0000000004731fbc                OSDataSize
                0x0000000004731fbe                OSTmrWheelTblSize
                0x0000000004731fc0                OSTmrWheelSize
                0x0000000004731fc2                OSTmrTblSize
                0x0000000004731fc4                OSTmrSize
                0x0000000004731fc6                OSTmrCfgTicksPerSec
                0x0000000004731fc8                OSTmrCfgWheelSize
                0x0000000004731fca                OSTmrCfgNameSize
                0x0000000004731fcc                OSTmrCfgMax
                0x0000000004731fce                OSTmrEn
                0x0000000004731fd0                OSVersionNbr
                0x0000000004731fd2                OSTimeTickHookEn
                0x0000000004731fd4                OSTicksPerSec
                0x0000000004731fd6                OSTCBSize
                0x0000000004731fd8                OSTCBPrioTblMax
                0x0000000004731fda                OSTaskSwHookEn
                0x0000000004731fdc                OSTaskStatStkChkEn
                0x0000000004731fde                OSTaskStatStkSize
                0x0000000004731fe0                OSTaskStatEn
                0x0000000004731fe2                OSTaskNameSize
                0x0000000004731fe4                OSTaskMax
                0x0000000004731fe6                OSTaskProfileEn
                0x0000000004731fe8                OSTaskIdleStkSize
                0x0000000004731fea                OSTaskDelEn
                0x0000000004731fec                OSTaskCreateExtEn
                0x0000000004731fee                OSTaskCreateEn
                0x0000000004731ff0                OSStkWidth
                0x0000000004731ff2                OSSemEn
                0x0000000004731ff4                OSRdyTblSize
                0x0000000004731ff6                OSQSize
                0x0000000004731ff8                OSQMax
                0x0000000004731ffa                OSQEn
                0x0000000004731ffc                OSPtrSize
                0x0000000004731ffe                OSMutexEn
                0x0000000004732000                OSMemTblSize
                0x0000000004732002                OSMemSize
                0x0000000004732004                OSMemNameSize
                0x0000000004732006                OSMemMax
                0x0000000004732008                OSMemEn
                0x000000000473200a                OSMboxEn
                0x000000000473200c                OSLowestPrio
                0x000000000473200e                OSFlagNameSize
                0x0000000004732010                OSFlagMax
                0x0000000004732012                OSFlagWidth
                0x0000000004732014                OSFlagNodeSize
                0x0000000004732016                OSFlagGrpSize
                0x0000000004732018                OSFlagEn
                0x000000000473201a                OSEventMultiEn
                0x000000000473201c                OSEventTblSize
                0x000000000473201e                OSEventSize
                0x0000000004732020                OSEventNameSize
                0x0000000004732022                OSEventMax
                0x0000000004732024                OSEventEn
                0x0000000004732028                OSEndiannessTest
                0x000000000473202c                OSDebugEn
 .sdata         0x0000000004732030        0x4 ../lab5_bsp/\libucosii_bsp.a(alt_irq_vars.o)
                0x0000000004732030                alt_priority_mask
 *(.sdata2 .sdata2.* .gnu.linkonce.s2.*)
                0x0000000004732034                . = ALIGN (0x4)
                0x0000000004732034                _edata = ABSOLUTE (.)
                0x0000000004732034                PROVIDE (edata, ABSOLUTE (.))
                0x0000000004732034                PROVIDE (__ram_rwdata_end, ABSOLUTE (.))
                0x0000000004732034                PROVIDE (__flash_rwdata_start, LOADADDR (.rwdata))

.bss            0x000000000473574c     0xf404
                0x000000000473574c                __bss_start = ABSOLUTE (.)
                0x000000000473574c                PROVIDE (__sbss_start, ABSOLUTE (.))
                0x000000000473574c                PROVIDE (___sbss_start, ABSOLUTE (.))
 *(.dynsbss)
 *(.sbss .sbss.* .gnu.linkonce.sb.*)
 .sbss          0x000000000473574c        0x1 obj/default/drivers/drivers.o
 .sbss          0x000000000473574d        0x3 obj/default/hello_ucosii.o
                0x000000000473574d                stop_song
                0x000000000473574e                pause_song
                0x000000000473574f                play_song
 .sbss          0x0000000004735750        0x4 obj/default/hello_ucosii.o
                0x0000000004735750                SW_Frame
 .sbss          0x0000000004735754        0xc c:/altera/14.1/nios2eds/bin/gnu/h-x86_64-mingw32/bin/../lib/gcc/nios2-elf/4.8.3/../../../../../H-x86_64-mingw32/nios2-elf/lib\libc.a(lib_a-mallocr.o)
                0x0000000004735754                __malloc_max_total_mem
                0x0000000004735758                __malloc_max_sbrked_mem
                0x000000000473575c                __malloc_top_pad
 .sbss          0x0000000004735760        0x4 c:/altera/14.1/nios2eds/bin/gnu/h-x86_64-mingw32/bin/../lib/gcc/nios2-elf/4.8.3/../../../../../H-x86_64-mingw32/nios2-elf/lib\libc.a(lib_a-int_errno.o)
                0x0000000004735760                errno
 .sbss          0x0000000004735764        0xc c:/altera/14.1/nios2eds/bin/gnu/h-x86_64-mingw32/bin/../lib/gcc/nios2-elf/4.8.3/../../../../../H-x86_64-mingw32/nios2-elf/lib\libc.a(lib_a-locale.o)
                0x0000000004735764                _PathLocale
                0x0000000004735768                __mlocale_changed
                0x000000000473576c                __nlocale_changed
 .sbss          0x0000000004735770        0x4 ../lab5_bsp/\libucosii_bsp.a(alt_dev.o)
                0x0000000004735770                alt_fd_list_lock
 .sbss          0x0000000004735774        0xc ../lab5_bsp/\libucosii_bsp.a(alt_main.o)
                0x0000000004735774                alt_envp
                0x0000000004735778                alt_argv
                0x000000000473577c                alt_argc
 .sbss          0x0000000004735780        0x8 ../lab5_bsp/\libucosii_bsp.a(alt_tick.o)
                0x0000000004735780                _alt_nticks
                0x0000000004735784                _alt_tick_rate
 .sbss          0x0000000004735788        0x8 ../lab5_bsp/\libucosii_bsp.a(alt_env_lock.o)
                0x000000000473578c                alt_envsem
 .sbss          0x0000000004735790        0x8 ../lab5_bsp/\libucosii_bsp.a(alt_malloc_lock.o)
                0x0000000004735794                alt_heapsem
 .sbss          0x0000000004735798       0x50 ../lab5_bsp/\libucosii_bsp.a(os_core.o)
                0x0000000004735798                OSLockNesting
                0x0000000004735799                OSRunning
                0x000000000473579c                OSIdleCtr
                0x00000000047357a0                OSPrioHighRdy
                0x00000000047357a1                OSPrioCur
                0x00000000047357a4                OSTCBList
                0x00000000047357a8                OSTickStepState
                0x00000000047357ac                OSCtxSwCtr
                0x00000000047357b0                OSIdleCtrMax
                0x00000000047357b4                OSTCBFreeList
                0x00000000047357b8                OSCPUUsage
                0x00000000047357b9                OSTaskCtr
                0x00000000047357bc                OSMemFreeList
                0x00000000047357c0                OSTCBHighRdy
                0x00000000047357c4                OSQFreeList
                0x00000000047357c8                OSRdyGrp
                0x00000000047357c9                OSRdyTbl
                0x00000000047357cc                OSEventFreeList
                0x00000000047357d0                OSIntNesting
                0x00000000047357d4                OSTCBCur
                0x00000000047357d8                OSTime
                0x00000000047357dc                OSFlagFreeList
                0x00000000047357e0                OSStatRdy
                0x00000000047357e4                OSIdleCtrRun
 .sbss          0x00000000047357e8        0x4 ../lab5_bsp/\libucosii_bsp.a(alt_irq_vars.o)
                0x00000000047357e8                alt_irq_active
 *(.sbss2 .sbss2.* .gnu.linkonce.sb2.*)
 *(.scommon)
                0x00000000047357ec                PROVIDE (__sbss_end, ABSOLUTE (.))
                0x00000000047357ec                PROVIDE (___sbss_end, ABSOLUTE (.))
 *(.dynbss)
 *(.bss .bss.* .gnu.linkonce.b.*)
 .bss           0x00000000047357ec        0x0 ../lab5_bsp//obj/HAL/src/crt0.o
 .bss           0x00000000047357ec        0x0 obj/default/drivers/drivers.o
 .bss           0x00000000047357ec        0x0 obj/default/fonts/tahomabold_20.o
 .bss           0x00000000047357ec        0x0 obj/default/fonts/tahomabold_32.o
 .bss           0x00000000047357ec        0x0 obj/default/frame.o
 .bss           0x00000000047357ec        0x0 obj/default/graphic_lib/draw_gimps.o
 .bss           0x00000000047357ec        0x0 obj/default/graphic_lib/gimp_bmp.o
 .bss           0x00000000047357ec        0x0 obj/default/graphic_lib/simple_graphics.o
 .bss           0x00000000047357ec        0x0 obj/default/graphic_lib/simple_text.o
 .bss           0x00000000047357ec        0x0 obj/default/hello_ucosii.o
 .bss           0x00000000047357ec        0x0 obj/default/imagenes/back_down.o
 .bss           0x00000000047357ec        0x0 obj/default/imagenes/back_up.o
 .bss           0x00000000047357ec        0x0 obj/default/imagenes/ford_down.o
 .bss           0x00000000047357ec        0x0 obj/default/imagenes/ford_up.o
 .bss           0x00000000047357ec        0x0 obj/default/imagenes/pause_down.o
 .bss           0x00000000047357ec        0x0 obj/default/imagenes/pause_up.o
 .bss           0x00000000047357ec        0x0 obj/default/imagenes/play_down.o
 .bss           0x00000000047357ec        0x0 obj/default/imagenes/play_up.o
 .bss           0x00000000047357ec        0x0 obj/default/imagenes/stop_down.o
 .bss           0x00000000047357ec        0x0 obj/default/imagenes/stop_up.o
 .bss           0x00000000047357ec        0x0 obj/default/song/song.o
 .bss           0x00000000047357ec        0x0 obj/default/student_code/student_code.o
 .bss           0x00000000047357ec        0x0 obj/default/vip_fr.o
 .bss           0x00000000047357ec        0x0 c:/altera/14.1/nios2eds/bin/gnu/h-x86_64-mingw32/bin/../lib/gcc/nios2-elf/4.8.3\libgcc.a(lib2-divmod.o)
 .bss           0x00000000047357ec        0x0 c:/altera/14.1/nios2eds/bin/gnu/h-x86_64-mingw32/bin/../lib/gcc/nios2-elf/4.8.3\libgcc.a(fixsfsi.o)
 .bss           0x00000000047357ec        0x0 c:/altera/14.1/nios2eds/bin/gnu/h-x86_64-mingw32/bin/../lib/gcc/nios2-elf/4.8.3/../../../../../H-x86_64-mingw32/nios2-elf/lib\libc.a(lib_a-malloc.o)
 .bss           0x00000000047357ec       0x28 c:/altera/14.1/nios2eds/bin/gnu/h-x86_64-mingw32/bin/../lib/gcc/nios2-elf/4.8.3/../../../../../H-x86_64-mingw32/nios2-elf/lib\libc.a(lib_a-mallocr.o)
                0x00000000047357ec                __malloc_current_mallinfo
 .bss           0x0000000004735814        0x0 c:/altera/14.1/nios2eds/bin/gnu/h-x86_64-mingw32/bin/../lib/gcc/nios2-elf/4.8.3/../../../../../H-x86_64-mingw32/nios2-elf/lib\libc.a(lib_a-memcpy.o)
 .bss           0x0000000004735814        0x0 c:/altera/14.1/nios2eds/bin/gnu/h-x86_64-mingw32/bin/../lib/gcc/nios2-elf/4.8.3/../../../../../H-x86_64-mingw32/nios2-elf/lib\libc.a(lib_a-memset.o)
 .bss           0x0000000004735814        0x0 c:/altera/14.1/nios2eds/bin/gnu/h-x86_64-mingw32/bin/../lib/gcc/nios2-elf/4.8.3/../../../../../H-x86_64-mingw32/nios2-elf/lib\libc.a(lib_a-printf.o)
 .bss           0x0000000004735814        0x0 c:/altera/14.1/nios2eds/bin/gnu/h-x86_64-mingw32/bin/../lib/gcc/nios2-elf/4.8.3/../../../../../H-x86_64-mingw32/nios2-elf/lib\libc.a(lib_a-sbrkr.o)
 .bss           0x0000000004735814        0x0 c:/altera/14.1/nios2eds/bin/gnu/h-x86_64-mingw32/bin/../lib/gcc/nios2-elf/4.8.3/../../../../../H-x86_64-mingw32/nios2-elf/lib\libc.a(lib_a-strcpy.o)
 .bss           0x0000000004735814        0x0 c:/altera/14.1/nios2eds/bin/gnu/h-x86_64-mingw32/bin/../lib/gcc/nios2-elf/4.8.3/../../../../../H-x86_64-mingw32/nios2-elf/lib\libc.a(lib_a-strlen.o)
 .bss           0x0000000004735814        0x0 c:/altera/14.1/nios2eds/bin/gnu/h-x86_64-mingw32/bin/../lib/gcc/nios2-elf/4.8.3/../../../../../H-x86_64-mingw32/nios2-elf/lib\libc.a(lib_a-vfprintf.o)
 .bss           0x0000000004735814        0x0 c:/altera/14.1/nios2eds/bin/gnu/h-x86_64-mingw32/bin/../lib/gcc/nios2-elf/4.8.3/../../../../../H-x86_64-mingw32/nios2-elf/lib\libc.a(lib_a-wsetup.o)
 .bss           0x0000000004735814        0x0 c:/altera/14.1/nios2eds/bin/gnu/h-x86_64-mingw32/bin/../lib/gcc/nios2-elf/4.8.3/../../../../../H-x86_64-mingw32/nios2-elf/lib\libc.a(lib_a-dtoa.o)
 .bss           0x0000000004735814        0x0 c:/altera/14.1/nios2eds/bin/gnu/h-x86_64-mingw32/bin/../lib/gcc/nios2-elf/4.8.3/../../../../../H-x86_64-mingw32/nios2-elf/lib\libc.a(lib_a-fflush.o)
 .bss           0x0000000004735814        0x0 c:/altera/14.1/nios2eds/bin/gnu/h-x86_64-mingw32/bin/../lib/gcc/nios2-elf/4.8.3/../../../../../H-x86_64-mingw32/nios2-elf/lib\libc.a(lib_a-findfp.o)
 .bss           0x0000000004735814        0x0 c:/altera/14.1/nios2eds/bin/gnu/h-x86_64-mingw32/bin/../lib/gcc/nios2-elf/4.8.3/../../../../../H-x86_64-mingw32/nios2-elf/lib\libc.a(lib_a-freer.o)
 .bss           0x0000000004735814        0x0 c:/altera/14.1/nios2eds/bin/gnu/h-x86_64-mingw32/bin/../lib/gcc/nios2-elf/4.8.3/../../../../../H-x86_64-mingw32/nios2-elf/lib\libc.a(lib_a-fwalk.o)
 .bss           0x0000000004735814        0x0 c:/altera/14.1/nios2eds/bin/gnu/h-x86_64-mingw32/bin/../lib/gcc/nios2-elf/4.8.3/../../../../../H-x86_64-mingw32/nios2-elf/lib\libc.a(lib_a-impure.o)
 .bss           0x0000000004735814        0x0 c:/altera/14.1/nios2eds/bin/gnu/h-x86_64-mingw32/bin/../lib/gcc/nios2-elf/4.8.3/../../../../../H-x86_64-mingw32/nios2-elf/lib\libc.a(lib_a-int_errno.o)
 .bss           0x0000000004735814        0x0 c:/altera/14.1/nios2eds/bin/gnu/h-x86_64-mingw32/bin/../lib/gcc/nios2-elf/4.8.3/../../../../../H-x86_64-mingw32/nios2-elf/lib\libc.a(lib_a-locale.o)
 .bss           0x0000000004735814        0x0 c:/altera/14.1/nios2eds/bin/gnu/h-x86_64-mingw32/bin/../lib/gcc/nios2-elf/4.8.3/../../../../../H-x86_64-mingw32/nios2-elf/lib\libc.a(lib_a-makebuf.o)
 .bss           0x0000000004735814        0x0 c:/altera/14.1/nios2eds/bin/gnu/h-x86_64-mingw32/bin/../lib/gcc/nios2-elf/4.8.3/../../../../../H-x86_64-mingw32/nios2-elf/lib\libc.a(lib_a-memchr.o)
 .bss           0x0000000004735814        0x0 c:/altera/14.1/nios2eds/bin/gnu/h-x86_64-mingw32/bin/../lib/gcc/nios2-elf/4.8.3/../../../../../H-x86_64-mingw32/nios2-elf/lib\libc.a(lib_a-mprec.o)
 .bss           0x0000000004735814        0x0 c:/altera/14.1/nios2eds/bin/gnu/h-x86_64-mingw32/bin/../lib/gcc/nios2-elf/4.8.3/../../../../../H-x86_64-mingw32/nios2-elf/lib\libc.a(lib_a-s_fpclassify.o)
 .bss           0x0000000004735814        0x0 c:/altera/14.1/nios2eds/bin/gnu/h-x86_64-mingw32/bin/../lib/gcc/nios2-elf/4.8.3/../../../../../H-x86_64-mingw32/nios2-elf/lib\libc.a(lib_a-stdio.o)
 .bss           0x0000000004735814        0x0 c:/altera/14.1/nios2eds/bin/gnu/h-x86_64-mingw32/bin/../lib/gcc/nios2-elf/4.8.3/../../../../../H-x86_64-mingw32/nios2-elf/lib\libc.a(lib_a-strcmp.o)
 .bss           0x0000000004735814        0x0 c:/altera/14.1/nios2eds/bin/gnu/h-x86_64-mingw32/bin/../lib/gcc/nios2-elf/4.8.3/../../../../../H-x86_64-mingw32/nios2-elf/lib\libc.a(lib_a-vfiprintf.o)
 .bss           0x0000000004735814        0x0 c:/altera/14.1/nios2eds/bin/gnu/h-x86_64-mingw32/bin/../lib/gcc/nios2-elf/4.8.3/../../../../../H-x86_64-mingw32/nios2-elf/lib\libc.a(lib_a-writer.o)
 .bss           0x0000000004735814        0x0 c:/altera/14.1/nios2eds/bin/gnu/h-x86_64-mingw32/bin/../lib/gcc/nios2-elf/4.8.3/../../../../../H-x86_64-mingw32/nios2-elf/lib\libc.a(closer.o)
 .bss           0x0000000004735814        0x0 c:/altera/14.1/nios2eds/bin/gnu/h-x86_64-mingw32/bin/../lib/gcc/nios2-elf/4.8.3/../../../../../H-x86_64-mingw32/nios2-elf/lib\libc.a(lib_a-callocr.o)
 .bss           0x0000000004735814        0x0 c:/altera/14.1/nios2eds/bin/gnu/h-x86_64-mingw32/bin/../lib/gcc/nios2-elf/4.8.3/../../../../../H-x86_64-mingw32/nios2-elf/lib\libc.a(lib_a-fclose.o)
 .bss           0x0000000004735814        0x0 c:/altera/14.1/nios2eds/bin/gnu/h-x86_64-mingw32/bin/../lib/gcc/nios2-elf/4.8.3/../../../../../H-x86_64-mingw32/nios2-elf/lib\libc.a(lib_a-fputwc.o)
 .bss           0x0000000004735814        0x0 c:/altera/14.1/nios2eds/bin/gnu/h-x86_64-mingw32/bin/../lib/gcc/nios2-elf/4.8.3/../../../../../H-x86_64-mingw32/nios2-elf/lib\libc.a(lib_a-fstatr.o)
 .bss           0x0000000004735814        0x0 c:/altera/14.1/nios2eds/bin/gnu/h-x86_64-mingw32/bin/../lib/gcc/nios2-elf/4.8.3/../../../../../H-x86_64-mingw32/nios2-elf/lib\libc.a(lib_a-fvwrite.o)
 .bss           0x0000000004735814        0x0 c:/altera/14.1/nios2eds/bin/gnu/h-x86_64-mingw32/bin/../lib/gcc/nios2-elf/4.8.3/../../../../../H-x86_64-mingw32/nios2-elf/lib\libc.a(lib_a-isattyr.o)
 .bss           0x0000000004735814        0x0 c:/altera/14.1/nios2eds/bin/gnu/h-x86_64-mingw32/bin/../lib/gcc/nios2-elf/4.8.3/../../../../../H-x86_64-mingw32/nios2-elf/lib\libc.a(lib_a-lseekr.o)
 .bss           0x0000000004735814        0x0 c:/altera/14.1/nios2eds/bin/gnu/h-x86_64-mingw32/bin/../lib/gcc/nios2-elf/4.8.3/../../../../../H-x86_64-mingw32/nios2-elf/lib\libc.a(lib_a-memmove.o)
 .bss           0x0000000004735814        0x0 c:/altera/14.1/nios2eds/bin/gnu/h-x86_64-mingw32/bin/../lib/gcc/nios2-elf/4.8.3/../../../../../H-x86_64-mingw32/nios2-elf/lib\libc.a(lib_a-readr.o)
 .bss           0x0000000004735814        0x0 c:/altera/14.1/nios2eds/bin/gnu/h-x86_64-mingw32/bin/../lib/gcc/nios2-elf/4.8.3/../../../../../H-x86_64-mingw32/nios2-elf/lib\libc.a(lib_a-reallocr.o)
 .bss           0x0000000004735814        0x0 c:/altera/14.1/nios2eds/bin/gnu/h-x86_64-mingw32/bin/../lib/gcc/nios2-elf/4.8.3/../../../../../H-x86_64-mingw32/nios2-elf/lib\libc.a(lib_a-wbuf.o)
 .bss           0x0000000004735814        0x0 c:/altera/14.1/nios2eds/bin/gnu/h-x86_64-mingw32/bin/../lib/gcc/nios2-elf/4.8.3/../../../../../H-x86_64-mingw32/nios2-elf/lib\libc.a(lib_a-wcrtomb.o)
 .bss           0x0000000004735814        0x0 c:/altera/14.1/nios2eds/bin/gnu/h-x86_64-mingw32/bin/../lib/gcc/nios2-elf/4.8.3/../../../../../H-x86_64-mingw32/nios2-elf/lib\libc.a(lib_a-wctomb_r.o)
 .bss           0x0000000004735814        0x0 c:/altera/14.1/nios2eds/bin/gnu/h-x86_64-mingw32/bin/../lib/gcc/nios2-elf/4.8.3\libgcc.a(_udivdi3.o)
 .bss           0x0000000004735814        0x0 c:/altera/14.1/nios2eds/bin/gnu/h-x86_64-mingw32/bin/../lib/gcc/nios2-elf/4.8.3\libgcc.a(_umoddi3.o)
 .bss           0x0000000004735814        0x0 c:/altera/14.1/nios2eds/bin/gnu/h-x86_64-mingw32/bin/../lib/gcc/nios2-elf/4.8.3\libgcc.a(adddf3.o)
 .bss           0x0000000004735814        0x0 c:/altera/14.1/nios2eds/bin/gnu/h-x86_64-mingw32/bin/../lib/gcc/nios2-elf/4.8.3\libgcc.a(divdf3.o)
 .bss           0x0000000004735814        0x0 c:/altera/14.1/nios2eds/bin/gnu/h-x86_64-mingw32/bin/../lib/gcc/nios2-elf/4.8.3\libgcc.a(eqdf2.o)
 .bss           0x0000000004735814        0x0 c:/altera/14.1/nios2eds/bin/gnu/h-x86_64-mingw32/bin/../lib/gcc/nios2-elf/4.8.3\libgcc.a(gedf2.o)